Archive member included to satisfy reference by file (symbol)

/Applications/ARM/bin/../lib/gcc/arm-none-eabi/10.3.1/thumb/v7-m/nofp/libgcc.a(_arm_muldf3.o)
                              CMakeFiles/QEA.elf.dir/Core/Src/main.c.obj (__aeabi_dmul)
/Applications/ARM/bin/../lib/gcc/arm-none-eabi/10.3.1/thumb/v7-m/nofp/libgcc.a(_arm_addsubdf3.o)
                              CMakeFiles/QEA.elf.dir/Core/Src/main.c.obj (__aeabi_dsub)
/Applications/ARM/bin/../lib/gcc/arm-none-eabi/10.3.1/thumb/v7-m/nofp/libgcc.a(_arm_muldivdf3.o)
                              CMakeFiles/QEA.elf.dir/Core/Src/main.c.obj (__aeabi_ddiv)
/Applications/ARM/bin/../lib/gcc/arm-none-eabi/10.3.1/thumb/v7-m/nofp/libgcc.a(_arm_cmpdf2.o)
                              CMakeFiles/QEA.elf.dir/Core/Src/main.c.obj (__aeabi_dcmplt)
/Applications/ARM/bin/../lib/gcc/arm-none-eabi/10.3.1/thumb/v7-m/nofp/libgcc.a(_arm_fixunsdfsi.o)
                              CMakeFiles/QEA.elf.dir/Core/Src/main.c.obj (__aeabi_d2uiz)
/Applications/ARM/bin/../lib/gcc/arm-none-eabi/10.3.1/../../../../arm-none-eabi/lib/thumb/v7-m/nofp/libg.a(lib_a-errno.o)
                              CMakeFiles/QEA.elf.dir/Core/Src/syscalls.c.obj (__errno)
/Applications/ARM/bin/../lib/gcc/arm-none-eabi/10.3.1/../../../../arm-none-eabi/lib/thumb/v7-m/nofp/libg.a(lib_a-exit.o)
                              /Applications/ARM/bin/../lib/gcc/arm-none-eabi/10.3.1/../../../../arm-none-eabi/lib/thumb/v7-m/nofp/crt0.o (exit)
/Applications/ARM/bin/../lib/gcc/arm-none-eabi/10.3.1/../../../../arm-none-eabi/lib/thumb/v7-m/nofp/libg.a(lib_a-impure.o)
                              /Applications/ARM/bin/../lib/gcc/arm-none-eabi/10.3.1/../../../../arm-none-eabi/lib/thumb/v7-m/nofp/libg.a(lib_a-exit.o) (_global_impure_ptr)
/Applications/ARM/bin/../lib/gcc/arm-none-eabi/10.3.1/../../../../arm-none-eabi/lib/thumb/v7-m/nofp/libg.a(lib_a-init.o)
                              /Applications/ARM/bin/../lib/gcc/arm-none-eabi/10.3.1/../../../../arm-none-eabi/lib/thumb/v7-m/nofp/crt0.o (__libc_init_array)
/Applications/ARM/bin/../lib/gcc/arm-none-eabi/10.3.1/../../../../arm-none-eabi/lib/thumb/v7-m/nofp/libg.a(lib_a-memcpy.o)
                              CMakeFiles/QEA.elf.dir/Core/Src/main.c.obj (memcpy)
/Applications/ARM/bin/../lib/gcc/arm-none-eabi/10.3.1/../../../../arm-none-eabi/lib/thumb/v7-m/nofp/libg.a(lib_a-memset.o)
                              /Applications/ARM/bin/../lib/gcc/arm-none-eabi/10.3.1/../../../../arm-none-eabi/lib/thumb/v7-m/nofp/crt0.o (memset)
/Applications/ARM/bin/../lib/gcc/arm-none-eabi/10.3.1/../../../../arm-none-eabi/lib/thumb/v7-m/nofp/libg.a(lib_a-__call_atexit.o)
                              /Applications/ARM/bin/../lib/gcc/arm-none-eabi/10.3.1/../../../../arm-none-eabi/lib/thumb/v7-m/nofp/libg.a(lib_a-exit.o) (__call_exitprocs)
/Applications/ARM/bin/../lib/gcc/arm-none-eabi/10.3.1/../../../../arm-none-eabi/lib/thumb/v7-m/nofp/libg.a(lib_a-atexit.o)
                              /Applications/ARM/bin/../lib/gcc/arm-none-eabi/10.3.1/../../../../arm-none-eabi/lib/thumb/v7-m/nofp/libg.a(lib_a-__call_atexit.o) (atexit)
/Applications/ARM/bin/../lib/gcc/arm-none-eabi/10.3.1/../../../../arm-none-eabi/lib/thumb/v7-m/nofp/libg.a(lib_a-fini.o)
                              /Applications/ARM/bin/../lib/gcc/arm-none-eabi/10.3.1/../../../../arm-none-eabi/lib/thumb/v7-m/nofp/libg.a(lib_a-__call_atexit.o) (__libc_fini_array)
/Applications/ARM/bin/../lib/gcc/arm-none-eabi/10.3.1/../../../../arm-none-eabi/lib/thumb/v7-m/nofp/libg.a(lib_a-lock.o)
                              /Applications/ARM/bin/../lib/gcc/arm-none-eabi/10.3.1/../../../../arm-none-eabi/lib/thumb/v7-m/nofp/libg.a(lib_a-__call_atexit.o) (__retarget_lock_acquire_recursive)
/Applications/ARM/bin/../lib/gcc/arm-none-eabi/10.3.1/../../../../arm-none-eabi/lib/thumb/v7-m/nofp/libg.a(lib_a-__atexit.o)
                              /Applications/ARM/bin/../lib/gcc/arm-none-eabi/10.3.1/../../../../arm-none-eabi/lib/thumb/v7-m/nofp/libg.a(lib_a-atexit.o) (__register_exitproc)
/Applications/ARM/bin/../lib/gcc/arm-none-eabi/10.3.1/../../../../arm-none-eabi/lib/thumb/v7-m/nofp/libm.a(lib_a-s_atan.o)
                              CMakeFiles/QEA.elf.dir/Core/Src/main.c.obj (atan)
/Applications/ARM/bin/../lib/gcc/arm-none-eabi/10.3.1/../../../../arm-none-eabi/lib/thumb/v7-m/nofp/libm.a(lib_a-s_cos.o)
                              CMakeFiles/QEA.elf.dir/Core/Src/main.c.obj (cos)
/Applications/ARM/bin/../lib/gcc/arm-none-eabi/10.3.1/../../../../arm-none-eabi/lib/thumb/v7-m/nofp/libm.a(lib_a-s_fabs.o)
                              /Applications/ARM/bin/../lib/gcc/arm-none-eabi/10.3.1/../../../../arm-none-eabi/lib/thumb/v7-m/nofp/libm.a(lib_a-s_atan.o) (fabs)
/Applications/ARM/bin/../lib/gcc/arm-none-eabi/10.3.1/../../../../arm-none-eabi/lib/thumb/v7-m/nofp/libm.a(lib_a-s_sin.o)
                              CMakeFiles/QEA.elf.dir/Core/Src/main.c.obj (sin)
[...]
Memory Configuration

Name             Origin             Length             Attributes
RAM              0x0000000020000000 0x000000000000c000 xrw
FLASH            0x0000000008000000 0x0000000000040000 xr
*default*        0x0000000000000000 0xffffffffffffffff

Linker script and memory map

LOAD /Applications/ARM/bin/../lib/gcc/arm-none-eabi/10.3.1/thumb/v7-m/nofp/crti.o
LOAD /Applications/ARM/bin/../lib/gcc/arm-none-eabi/10.3.1/thumb/v7-m/nofp/crtbegin.o
LOAD /Applications/ARM/bin/../lib/gcc/arm-none-eabi/10.3.1/../../../../arm-none-eabi/lib/thumb/v7-m/nofp/crt0.o
LOAD CMakeFiles/QEA.elf.dir/Core/Src/gpio.c.obj
LOAD CMakeFiles/QEA.elf.dir/Core/Src/main.c.obj
LOAD CMakeFiles/QEA.elf.dir/Core/Src/stm32f1xx_hal_msp.c.obj
LOAD CMakeFiles/QEA.elf.dir/Core/Src/stm32f1xx_it.c.obj
LOAD CMakeFiles/QEA.elf.dir/Core/Src/syscalls.c.obj
LOAD CMakeFiles/QEA.elf.dir/Core/Src/sysmem.c.obj
LOAD CMakeFiles/QEA.elf.dir/Core/Src/system_stm32f1xx.c.obj
LOAD CMakeFiles/QEA.elf.dir/Core/Src/tim.c.obj
LOAD CMakeFiles/QEA.elf.dir/Core/Src/usart.c.obj
LOAD CMakeFiles/QEA.elf.dir/Core/Startup/startup_stm32f103rctx.s.obj
LOAD CMakeFiles/QEA.elf.dir/Drivers/STM32F1xx_HAL_Driver/Src/stm32f1xx_hal.c.obj
LOAD CMakeFiles/QEA.elf.dir/Drivers/STM32F1xx_HAL_Driver/Src/stm32f1xx_hal_cortex.c.obj
LOAD CMakeFiles/QEA.elf.dir/Drivers/STM32F1xx_HAL_Driver/Src/stm32f1xx_hal_dma.c.obj
LOAD CMakeFiles/QEA.elf.dir/Drivers/STM32F1xx_HAL_Driver/Src/stm32f1xx_hal_exti.c.obj
LOAD CMakeFiles/QEA.elf.dir/Drivers/STM32F1xx_HAL_Driver/Src/stm32f1xx_hal_flash.c.obj
LOAD CMakeFiles/QEA.elf.dir/Drivers/STM32F1xx_HAL_Driver/Src/stm32f1xx_hal_flash_ex.c.obj
LOAD CMakeFiles/QEA.elf.dir/Drivers/STM32F1xx_HAL_Driver/Src/stm32f1xx_hal_gpio.c.obj
LOAD CMakeFiles/QEA.elf.dir/Drivers/STM32F1xx_HAL_Driver/Src/stm32f1xx_hal_gpio_ex.c.obj
LOAD CMakeFiles/QEA.elf.dir/Drivers/STM32F1xx_HAL_Driver/Src/stm32f1xx_hal_pwr.c.obj
LOAD CMakeFiles/QEA.elf.dir/Drivers/STM32F1xx_HAL_Driver/Src/stm32f1xx_hal_rcc.c.obj
LOAD CMakeFiles/QEA.elf.dir/Drivers/STM32F1xx_HAL_Driver/Src/stm32f1xx_hal_rcc_ex.c.obj
LOAD CMakeFiles/QEA.elf.dir/Drivers/STM32F1xx_HAL_Driver/Src/stm32f1xx_hal_tim.c.obj
LOAD CMakeFiles/QEA.elf.dir/Drivers/STM32F1xx_HAL_Driver/Src/stm32f1xx_hal_tim_ex.c.obj
LOAD CMakeFiles/QEA.elf.dir/Drivers/STM32F1xx_HAL_Driver/Src/stm32f1xx_hal_uart.c.obj
START GROUP
LOAD /Applications/ARM/bin/../lib/gcc/arm-none-eabi/10.3.1/thumb/v7-m/nofp/libgcc.a
LOAD /Applications/ARM/bin/../lib/gcc/arm-none-eabi/10.3.1/../../../../arm-none-eabi/lib/thumb/v7-m/nofp/libg.a
LOAD /Applications/ARM/bin/../lib/gcc/arm-none-eabi/10.3.1/../../../../arm-none-eabi/lib/thumb/v7-m/nofp/libc.a
END GROUP
LOAD /Applications/ARM/bin/../lib/gcc/arm-none-eabi/10.3.1/thumb/v7-m/nofp/crtend.o
LOAD /Applications/ARM/bin/../lib/gcc/arm-none-eabi/10.3.1/thumb/v7-m/nofp/crtn.o
                0x000000002000c000                _estack = (ORIGIN (RAM) + LENGTH (RAM))
                0x0000000000000200                _Min_Heap_Size = 0x200
                0x0000000000000400                _Min_Stack_Size = 0x400

.isr_vector     0x0000000008000000      0x1e4
                0x0000000008000000                . = ALIGN (0x4)
 *(.isr_vector)
 .isr_vector    0x0000000008000000      0x1e4 CMakeFiles/QEA.elf.dir/Core/Startup/startup_stm32f103rctx.s.obj
                0x0000000008000000                g_pfnVectors
                0x00000000080001e4                . = ALIGN (0x4)

.text           0x00000000080001e8     0x5cbc
                0x00000000080001e8                . = ALIGN (0x4)
 *(.text)
 .text          0x00000000080001e8       0x40 /Applications/ARM/bin/../lib/gcc/arm-none-eabi/10.3.1/thumb/v7-m/nofp/crtbegin.o
 .text          0x0000000008000228      0x378 /Applications/ARM/bin/../lib/gcc/arm-none-eabi/10.3.1/thumb/v7-m/nofp/libgcc.a(_arm_addsubdf3.o)
                0x0000000008000228                __aeabi_drsub
                0x0000000008000230                __subdf3
                0x0000000008000230                __aeabi_dsub
                0x0000000008000234                __aeabi_dadd
                0x0000000008000234                __adddf3
                0x00000000080004ac                __aeabi_ui2d
                0x00000000080004ac                __floatunsidf
                0x00000000080004cc                __floatsidf
                0x00000000080004cc                __aeabi_i2d
                0x00000000080004f0                __extendsfdf2
                0x00000000080004f0                __aeabi_f2d
                0x0000000008000534                __aeabi_ul2d
                0x0000000008000534                __floatundidf
                0x0000000008000544                __aeabi_l2d
                0x0000000008000544                __floatdidf
 .text          0x00000000080005a0      0x424 /Applications/ARM/bin/../lib/gcc/arm-none-eabi/10.3.1/thumb/v7-m/nofp/libgcc.a(_arm_muldivdf3.o)
                0x00000000080005a0                __aeabi_dmul
                0x00000000080005a0                __muldf3
                0x00000000080007f4                __aeabi_ddiv
                0x00000000080007f4                __divdf3
 .text          0x00000000080009c4      0x110 /Applications/ARM/bin/../lib/gcc/arm-none-eabi/10.3.1/thumb/v7-m/nofp/libgcc.a(_arm_cmpdf2.o)
                0x00000000080009c4                __gedf2
                0x00000000080009c4                __gtdf2
                0x00000000080009cc                __ledf2
                0x00000000080009cc                __ltdf2
                0x00000000080009d4                __cmpdf2
                0x00000000080009d4                __eqdf2
                0x00000000080009d4                __nedf2
                0x0000000008000a50                __aeabi_cdrcmple
                0x0000000008000a60                __aeabi_cdcmple
                0x0000000008000a60                __aeabi_cdcmpeq
                0x0000000008000a70                __aeabi_dcmpeq
                0x0000000008000a84                __aeabi_dcmplt
                0x0000000008000a98                __aeabi_dcmple
                0x0000000008000aac                __aeabi_dcmpge
                0x0000000008000ac0                __aeabi_dcmpgt
 .text          0x0000000008000ad4       0x40 /Applications/ARM/bin/../lib/gcc/arm-none-eabi/10.3.1/thumb/v7-m/nofp/libgcc.a(_arm_fixunsdfsi.o)
                0x0000000008000ad4                __fixunsdfsi
                0x0000000008000ad4                __aeabi_d2uiz
 .text          0x0000000008000b14       0xec /Applications/ARM/bin/../lib/gcc/arm-none-eabi/10.3.1/../../../../arm-none-eabi/lib/thumb/v7-m/nofp/libg.a(lib_a-memcpy.o)
                0x0000000008000b14                memcpy
 .text          0x0000000008000c00       0x2c /Applications/ARM/bin/../lib/gcc/arm-none-eabi/10.3.1/thumb/v7-m/nofp/libgcc.a(_arm_unorddf2.o)
                0x0000000008000c00                __aeabi_dcmpun
                0x0000000008000c00                __unorddf2
 .text          0x0000000008000c2c       0x50 /Applications/ARM/bin/../lib/gcc/arm-none-eabi/10.3.1/thumb/v7-m/nofp/libgcc.a(_arm_fixdfsi.o)
                0x0000000008000c2c                __fixdfsi
                0x0000000008000c2c                __aeabi_d2iz
 *(.text*)
 .text.MX_GPIO_Init
                0x0000000008000c7c       0xec CMakeFiles/QEA.elf.dir/Core/Src/gpio.c.obj
                0x0000000008000c7c                MX_GPIO_Init
 .text.CRC8_Table
                0x0000000008000d68       0x20 CMakeFiles/QEA.elf.dir/Core/Src/main.c.obj
                0x0000000008000d68                CRC8_Table
 .text.CRC16_Table
                0x0000000008000d88       0x30 CMakeFiles/QEA.elf.dir/Core/Src/main.c.obj
                0x0000000008000d88                CRC16_Table
 .text.HAL_UART_RxCpltCallback
                0x0000000008000db8       0xac CMakeFiles/QEA.elf.dir/Core/Src/main.c.obj
                0x0000000008000db8                HAL_UART_RxCpltCallback
 .text.ClearSpeed
                0x0000000008000e64       0x14 CMakeFiles/QEA.elf.dir/Core/Src/main.c.obj
                0x0000000008000e64                ClearSpeed
 .text.CommitSpeed
                0x0000000008000e78       0x2c CMakeFiles/QEA.elf.dir/Core/Src/main.c.obj
                0x0000000008000e78                CommitSpeed
 .text.Stop     0x0000000008000ea4        0xc CMakeFiles/QEA.elf.dir/Core/Src/main.c.obj
                0x0000000008000ea4                Stop
 .text.SpinLeft
                0x0000000008000eb0       0x30 CMakeFiles/QEA.elf.dir/Core/Src/main.c.obj
                0x0000000008000eb0                SpinLeft
 .text.SpinRight
                0x0000000008000ee0       0x30 CMakeFiles/QEA.elf.dir/Core/Src/main.c.obj
                0x0000000008000ee0                SpinRight
 .text.MoveForwardV1
                0x0000000008000f10       0x30 CMakeFiles/QEA.elf.dir/Core/Src/main.c.obj
                0x0000000008000f10                MoveForwardV1
 .text.RobotInit
                0x0000000008000f40       0x8c CMakeFiles/QEA.elf.dir/Core/Src/main.c.obj
                0x0000000008000f40                RobotInit
 .text.Do_PID   0x0000000008000fcc       0xee CMakeFiles/QEA.elf.dir/Core/Src/main.c.obj
                0x0000000008000fcc                Do_PID
 *fill*         0x00000000080010ba        0x2 
 .text.PID_Tick
                0x00000000080010bc      0x124 CMakeFiles/QEA.elf.dir/Core/Src/main.c.obj
                0x00000000080010bc                PID_Tick
 .text.HAL_TIM_PeriodElapsedCallback
                0x00000000080011e0       0x18 CMakeFiles/QEA.elf.dir/Core/Src/main.c.obj
                0x00000000080011e0                HAL_TIM_PeriodElapsedCallback
 .text.HandleIMUPackage
                0x00000000080011f8       0xd0 CMakeFiles/QEA.elf.dir/Core/Src/main.c.obj
                0x00000000080011f8                HandleIMUPackage
 .text.DecodeIMUPackage
                0x00000000080012c8       0xe4 CMakeFiles/QEA.elf.dir/Core/Src/main.c.obj
                0x00000000080012c8                DecodeIMUPackage
 .text.Error_Handler
                0x00000000080013ac        0x4 CMakeFiles/QEA.elf.dir/Core/Src/main.c.obj
                0x00000000080013ac                Error_Handler
 .text.SystemClock_Config
                0x00000000080013b0       0x64 CMakeFiles/QEA.elf.dir/Core/Src/main.c.obj
                0x00000000080013b0                SystemClock_Config
 *fill*         0x0000000008001414        0x4 
 .text.main     0x0000000008001418      0x244 CMakeFiles/QEA.elf.dir/Core/Src/main.c.obj
                0x0000000008001418                main
 .text.HAL_MspInit
                0x000000000800165c       0x44 CMakeFiles/QEA.elf.dir/Core/Src/stm32f1xx_hal_msp.c.obj
                0x000000000800165c                HAL_MspInit
 .text.NMI_Handler
                0x00000000080016a0        0x2 CMakeFiles/QEA.elf.dir/Core/Src/stm32f1xx_it.c.obj
                0x00000000080016a0                NMI_Handler
 .text.HardFault_Handler
                0x00000000080016a2        0x2 CMakeFiles/QEA.elf.dir/Core/Src/stm32f1xx_it.c.obj
                0x00000000080016a2                HardFault_Handler
 .text.MemManage_Handler
                0x00000000080016a4        0x2 CMakeFiles/QEA.elf.dir/Core/Src/stm32f1xx_it.c.obj
                0x00000000080016a4                MemManage_Handler
 .text.BusFault_Handler
                0x00000000080016a6        0x2 CMakeFiles/QEA.elf.dir/Core/Src/stm32f1xx_it.c.obj
                0x00000000080016a6                BusFault_Handler
 .text.UsageFault_Handler
                0x00000000080016a8        0x2 CMakeFiles/QEA.elf.dir/Core/Src/stm32f1xx_it.c.obj
                0x00000000080016a8                UsageFault_Handler
 .text.SVC_Handler
                0x00000000080016aa        0x2 CMakeFiles/QEA.elf.dir/Core/Src/stm32f1xx_it.c.obj
                0x00000000080016aa                SVC_Handler
 .text.DebugMon_Handler
                0x00000000080016ac        0x2 CMakeFiles/QEA.elf.dir/Core/Src/stm32f1xx_it.c.obj
                0x00000000080016ac                DebugMon_Handler
 .text.PendSV_Handler
                0x00000000080016ae        0x2 CMakeFiles/QEA.elf.dir/Core/Src/stm32f1xx_it.c.obj
                0x00000000080016ae                PendSV_Handler
 .text.SysTick_Handler
                0x00000000080016b0        0x8 CMakeFiles/QEA.elf.dir/Core/Src/stm32f1xx_it.c.obj
                0x00000000080016b0                SysTick_Handler
 .text.USART1_IRQHandler
                0x00000000080016b8       0x10 CMakeFiles/QEA.elf.dir/Core/Src/stm32f1xx_it.c.obj
                0x00000000080016b8                USART1_IRQHandler
 .text.USART2_IRQHandler
                0x00000000080016c8       0x10 CMakeFiles/QEA.elf.dir/Core/Src/stm32f1xx_it.c.obj
                0x00000000080016c8                USART2_IRQHandler
 .text.USART3_IRQHandler
                0x00000000080016d8       0x10 CMakeFiles/QEA.elf.dir/Core/Src/stm32f1xx_it.c.obj
                0x00000000080016d8                USART3_IRQHandler
 .text.TIM6_IRQHandler
                0x00000000080016e8       0x10 CMakeFiles/QEA.elf.dir/Core/Src/stm32f1xx_it.c.obj
                0x00000000080016e8                TIM6_IRQHandler
 .text.SystemInit
                0x00000000080016f8        0x2 CMakeFiles/QEA.elf.dir/Core/Src/system_stm32f1xx.c.obj
                0x00000000080016f8                SystemInit
 *fill*         0x00000000080016fa        0x2 
 .text.MX_TIM4_Init
                0x00000000080016fc       0x64 CMakeFiles/QEA.elf.dir/Core/Src/tim.c.obj
                0x00000000080016fc                MX_TIM4_Init
 .text.MX_TIM6_Init
                0x0000000008001760       0x50 CMakeFiles/QEA.elf.dir/Core/Src/tim.c.obj
                0x0000000008001760                MX_TIM6_Init
 .text.MX_TIM8_Init
                0x00000000080017b0       0x68 CMakeFiles/QEA.elf.dir/Core/Src/tim.c.obj
                0x00000000080017b0                MX_TIM8_Init
 .text.HAL_TIM_Base_MspInit
                0x0000000008001818       0x60 CMakeFiles/QEA.elf.dir/Core/Src/tim.c.obj
                0x0000000008001818                HAL_TIM_Base_MspInit
 .text.HAL_TIM_Encoder_MspInit
                0x0000000008001878       0xa0 CMakeFiles/QEA.elf.dir/Core/Src/tim.c.obj
                0x0000000008001878                HAL_TIM_Encoder_MspInit
 .text.HAL_TIM_MspPostInit
                0x0000000008001918       0x74 CMakeFiles/QEA.elf.dir/Core/Src/tim.c.obj
                0x0000000008001918                HAL_TIM_MspPostInit
 .text.MX_TIM3_Init
                0x000000000800198c       0xec CMakeFiles/QEA.elf.dir/Core/Src/tim.c.obj
                0x000000000800198c                MX_TIM3_Init
 .text.MX_USART1_UART_Init
                0x0000000008001a78       0x34 CMakeFiles/QEA.elf.dir/Core/Src/usart.c.obj
                0x0000000008001a78                MX_USART1_UART_Init
 .text.MX_USART2_UART_Init
                0x0000000008001aac       0x34 CMakeFiles/QEA.elf.dir/Core/Src/usart.c.obj
                0x0000000008001aac                MX_USART2_UART_Init
 .text.MX_USART3_UART_Init
                0x0000000008001ae0       0x34 CMakeFiles/QEA.elf.dir/Core/Src/usart.c.obj
                0x0000000008001ae0                MX_USART3_UART_Init
 .text.HAL_UART_MspInit
                0x0000000008001b14      0x168 CMakeFiles/QEA.elf.dir/Core/Src/usart.c.obj
                0x0000000008001b14                HAL_UART_MspInit
 .text.Reset_Handler
                0x0000000008001c7c       0x48 CMakeFiles/QEA.elf.dir/Core/Startup/startup_stm32f103rctx.s.obj
                0x0000000008001c7c                Reset_Handler
 .text.Default_Handler
                0x0000000008001cc4        0x2 CMakeFiles/QEA.elf.dir/Core/Startup/startup_stm32f103rctx.s.obj
                0x0000000008001cc4                DMA2_Channel3_IRQHandler
                0x0000000008001cc4                EXTI2_IRQHandler
                0x0000000008001cc4                TIM8_TRG_COM_IRQHandler
                0x0000000008001cc4                TIM8_CC_IRQHandler
                0x0000000008001cc4                TIM1_CC_IRQHandler
                0x0000000008001cc4                PVD_IRQHandler
                0x0000000008001cc4                SDIO_IRQHandler
                0x0000000008001cc4                EXTI3_IRQHandler
                0x0000000008001cc4                EXTI0_IRQHandler
                0x0000000008001cc4                I2C2_EV_IRQHandler
                0x0000000008001cc4                ADC1_2_IRQHandler
                0x0000000008001cc4                SPI1_IRQHandler
                0x0000000008001cc4                TAMPER_IRQHandler
                0x0000000008001cc4                TIM8_UP_IRQHandler
                0x0000000008001cc4                DMA2_Channel2_IRQHandler
                0x0000000008001cc4                DMA1_Channel4_IRQHandler
                0x0000000008001cc4                RTC_IRQHandler
                0x0000000008001cc4                DMA1_Channel7_IRQHandler
                0x0000000008001cc4                CAN1_RX1_IRQHandler
                0x0000000008001cc4                UART5_IRQHandler
                0x0000000008001cc4                ADC3_IRQHandler
                0x0000000008001cc4                TIM4_IRQHandler
                0x0000000008001cc4                DMA2_Channel1_IRQHandler
                0x0000000008001cc4                I2C1_EV_IRQHandler
                0x0000000008001cc4                DMA1_Channel6_IRQHandler
                0x0000000008001cc4                UART4_IRQHandler
                0x0000000008001cc4                TIM3_IRQHandler
                0x0000000008001cc4                RCC_IRQHandler
                0x0000000008001cc4                TIM1_TRG_COM_IRQHandler
                0x0000000008001cc4                DMA1_Channel1_IRQHandler
                0x0000000008001cc4                Default_Handler
                0x0000000008001cc4                EXTI15_10_IRQHandler
                0x0000000008001cc4                TIM7_IRQHandler
                0x0000000008001cc4                TIM5_IRQHandler
                0x0000000008001cc4                EXTI9_5_IRQHandler
                0x0000000008001cc4                SPI2_IRQHandler
                0x0000000008001cc4                DMA1_Channel5_IRQHandler
                0x0000000008001cc4                EXTI4_IRQHandler
                0x0000000008001cc4                USB_LP_CAN1_RX0_IRQHandler
                0x0000000008001cc4                USB_HP_CAN1_TX_IRQHandler
                0x0000000008001cc4                DMA1_Channel3_IRQHandler
                0x0000000008001cc4                FSMC_IRQHandler
                0x0000000008001cc4                TIM1_UP_IRQHandler
                0x0000000008001cc4                WWDG_IRQHandler
                0x0000000008001cc4                TIM2_IRQHandler
                0x0000000008001cc4                TIM1_BRK_IRQHandler
                0x0000000008001cc4                EXTI1_IRQHandler
                0x0000000008001cc4                DMA2_Channel4_5_IRQHandler
                0x0000000008001cc4                I2C2_ER_IRQHandler
                0x0000000008001cc4                DMA1_Channel2_IRQHandler
                0x0000000008001cc4                TIM8_BRK_IRQHandler
                0x0000000008001cc4                CAN1_SCE_IRQHandler
                0x0000000008001cc4                FLASH_IRQHandler
                0x0000000008001cc4                SPI3_IRQHandler
                0x0000000008001cc4                I2C1_ER_IRQHandler
                0x0000000008001cc4                USBWakeUp_IRQHandler
                0x0000000008001cc4                RTC_Alarm_IRQHandler
 *fill*         0x0000000008001cc6        0x2 
 .text.HAL_InitTick
                0x0000000008001cc8       0x4c CMakeFiles/QEA.elf.dir/Drivers/STM32F1xx_HAL_Driver/Src/stm32f1xx_hal.c.obj
                0x0000000008001cc8                HAL_InitTick
 .text.HAL_Init
                0x0000000008001d14       0x24 CMakeFiles/QEA.elf.dir/Drivers/STM32F1xx_HAL_Driver/Src/stm32f1xx_hal.c.obj
                0x0000000008001d14                HAL_Init
 .text.HAL_IncTick
                0x0000000008001d38       0x18 CMakeFiles/QEA.elf.dir/Drivers/STM32F1xx_HAL_Driver/Src/stm32f1xx_hal.c.obj
                0x0000000008001d38                HAL_IncTick
 .text.HAL_GetTick
                0x0000000008001d50        0xc CMakeFiles/QEA.elf.dir/Drivers/STM32F1xx_HAL_Driver/Src/stm32f1xx_hal.c.obj
                0x0000000008001d50                HAL_GetTick
 .text.HAL_NVIC_SetPriorityGrouping
                0x0000000008001d5c       0x24 CMakeFiles/QEA.elf.dir/Drivers/STM32F1xx_HAL_Driver/Src/stm32f1xx_hal_cortex.c.obj
                0x0000000008001d5c                HAL_NVIC_SetPriorityGrouping
 .text.HAL_NVIC_SetPriority
                0x0000000008001d80       0x70 CMakeFiles/QEA.elf.dir/Drivers/STM32F1xx_HAL_Driver/Src/stm32f1xx_hal_cortex.c.obj
                0x0000000008001d80                HAL_NVIC_SetPriority
 .text.HAL_NVIC_EnableIRQ
                0x0000000008001df0       0x1c CMakeFiles/QEA.elf.dir/Drivers/STM32F1xx_HAL_Driver/Src/stm32f1xx_hal_cortex.c.obj
                0x0000000008001df0                HAL_NVIC_EnableIRQ
 .text.HAL_SYSTICK_Config
                0x0000000008001e0c       0x28 CMakeFiles/QEA.elf.dir/Drivers/STM32F1xx_HAL_Driver/Src/stm32f1xx_hal_cortex.c.obj
                0x0000000008001e0c                HAL_SYSTICK_Config
 .text.HAL_DMA_Abort
                0x0000000008001e34       0x44 CMakeFiles/QEA.elf.dir/Drivers/STM32F1xx_HAL_Driver/Src/stm32f1xx_hal_dma.c.obj
                0x0000000008001e34                HAL_DMA_Abort
 .text.HAL_DMA_Abort_IT
                0x0000000008001e78      0x168 CMakeFiles/QEA.elf.dir/Drivers/STM32F1xx_HAL_Driver/Src/stm32f1xx_hal_dma.c.obj
                0x0000000008001e78                HAL_DMA_Abort_IT
 .text.HAL_GPIO_Init
                0x0000000008001fe0      0x240 CMakeFiles/QEA.elf.dir/Drivers/STM32F1xx_HAL_Driver/Src/stm32f1xx_hal_gpio.c.obj
                0x0000000008001fe0                HAL_GPIO_Init
 .text.HAL_GPIO_WritePin
                0x0000000008002220        0xc CMakeFiles/QEA.elf.dir/Drivers/STM32F1xx_HAL_Driver/Src/stm32f1xx_hal_gpio.c.obj
                0x0000000008002220                HAL_GPIO_WritePin
 .text.RCC_Delay
                0x000000000800222c       0x2c CMakeFiles/QEA.elf.dir/Drivers/STM32F1xx_HAL_Driver/Src/stm32f1xx_hal_rcc.c.obj
 .text.HAL_RCC_OscConfig
                0x0000000008002258      0x410 CMakeFiles/QEA.elf.dir/Drivers/STM32F1xx_HAL_Driver/Src/stm32f1xx_hal_rcc.c.obj
                0x0000000008002258                HAL_RCC_OscConfig
 .text.HAL_RCC_GetSysClockFreq
                0x0000000008002668       0x70 CMakeFiles/QEA.elf.dir/Drivers/STM32F1xx_HAL_Driver/Src/stm32f1xx_hal_rcc.c.obj
                0x0000000008002668                HAL_RCC_GetSysClockFreq
 .text.HAL_RCC_ClockConfig
                0x00000000080026d8      0x16c CMakeFiles/QEA.elf.dir/Drivers/STM32F1xx_HAL_Driver/Src/stm32f1xx_hal_rcc.c.obj
                0x00000000080026d8                HAL_RCC_ClockConfig
 .text.HAL_RCC_GetHCLKFreq
                0x0000000008002844        0xc CMakeFiles/QEA.elf.dir/Drivers/STM32F1xx_HAL_Driver/Src/stm32f1xx_hal_rcc.c.obj
                0x0000000008002844                HAL_RCC_GetHCLKFreq
 .text.HAL_RCC_GetPCLK1Freq
                0x0000000008002850       0x20 CMakeFiles/QEA.elf.dir/Drivers/STM32F1xx_HAL_Driver/Src/stm32f1xx_hal_rcc.c.obj
                0x0000000008002850                HAL_RCC_GetPCLK1Freq
 .text.HAL_RCC_GetPCLK2Freq
                0x0000000008002870       0x20 CMakeFiles/QEA.elf.dir/Drivers/STM32F1xx_HAL_Driver/Src/stm32f1xx_hal_rcc.c.obj
                0x0000000008002870                HAL_RCC_GetPCLK2Freq
 .text.TIM_OC1_SetConfig
                0x0000000008002890       0x68 CMakeFiles/QEA.elf.dir/Drivers/STM32F1xx_HAL_Driver/Src/stm32f1xx_hal_tim.c.obj
 .text.TIM_OC3_SetConfig
                0x00000000080028f8       0x70 CMakeFiles/QEA.elf.dir/Drivers/STM32F1xx_HAL_Driver/Src/stm32f1xx_hal_tim.c.obj
 .text.TIM_OC4_SetConfig
                0x0000000008002968       0x50 CMakeFiles/QEA.elf.dir/Drivers/STM32F1xx_HAL_Driver/Src/stm32f1xx_hal_tim.c.obj
 .text.TIM_TI1_ConfigInputStage
                0x00000000080029b8       0x24 CMakeFiles/QEA.elf.dir/Drivers/STM32F1xx_HAL_Driver/Src/stm32f1xx_hal_tim.c.obj
 .text.TIM_TI2_ConfigInputStage
                0x00000000080029dc       0x26 CMakeFiles/QEA.elf.dir/Drivers/STM32F1xx_HAL_Driver/Src/stm32f1xx_hal_tim.c.obj
 .text.TIM_ITRx_SetConfig
                0x0000000008002a02       0x10 CMakeFiles/QEA.elf.dir/Drivers/STM32F1xx_HAL_Driver/Src/stm32f1xx_hal_tim.c.obj
 *fill*         0x0000000008002a12        0x2 
 .text.HAL_TIM_Base_Start_IT
                0x0000000008002a14       0x78 CMakeFiles/QEA.elf.dir/Drivers/STM32F1xx_HAL_Driver/Src/stm32f1xx_hal_tim.c.obj
                0x0000000008002a14                HAL_TIM_Base_Start_IT
 .text.HAL_TIM_PWM_MspInit
                0x0000000008002a8c        0x2 CMakeFiles/QEA.elf.dir/Drivers/STM32F1xx_HAL_Driver/Src/stm32f1xx_hal_tim.c.obj
                0x0000000008002a8c                HAL_TIM_PWM_MspInit
 .text.HAL_TIM_OC_DelayElapsedCallback
                0x0000000008002a8e        0x2 CMakeFiles/QEA.elf.dir/Drivers/STM32F1xx_HAL_Driver/Src/stm32f1xx_hal_tim.c.obj
                0x0000000008002a8e                HAL_TIM_OC_DelayElapsedCallback
 .text.HAL_TIM_IC_CaptureCallback
                0x0000000008002a90        0x2 CMakeFiles/QEA.elf.dir/Drivers/STM32F1xx_HAL_Driver/Src/stm32f1xx_hal_tim.c.obj
                0x0000000008002a90                HAL_TIM_IC_CaptureCallback
 .text.HAL_TIM_PWM_PulseFinishedCallback
                0x0000000008002a92        0x2 CMakeFiles/QEA.elf.dir/Drivers/STM32F1xx_HAL_Driver/Src/stm32f1xx_hal_tim.c.obj
                0x0000000008002a92                HAL_TIM_PWM_PulseFinishedCallback
 .text.HAL_TIM_TriggerCallback
                0x0000000008002a94        0x2 CMakeFiles/QEA.elf.dir/Drivers/STM32F1xx_HAL_Driver/Src/stm32f1xx_hal_tim.c.obj
                0x0000000008002a94                HAL_TIM_TriggerCallback
 .text.HAL_TIM_IRQHandler
                0x0000000008002a96      0x17a CMakeFiles/QEA.elf.dir/Drivers/STM32F1xx_HAL_Driver/Src/stm32f1xx_hal_tim.c.obj
                0x0000000008002a96                HAL_TIM_IRQHandler
 .text.TIM_Base_SetConfig
                0x0000000008002c10       0x98 CMakeFiles/QEA.elf.dir/Drivers/STM32F1xx_HAL_Driver/Src/stm32f1xx_hal_tim.c.obj
                0x0000000008002c10                TIM_Base_SetConfig
 .text.HAL_TIM_Base_Init
                0x0000000008002ca8       0x58 CMakeFiles/QEA.elf.dir/Drivers/STM32F1xx_HAL_Driver/Src/stm32f1xx_hal_tim.c.obj
                0x0000000008002ca8                HAL_TIM_Base_Init
 .text.HAL_TIM_PWM_Init
                0x0000000008002d00       0x58 CMakeFiles/QEA.elf.dir/Drivers/STM32F1xx_HAL_Driver/Src/stm32f1xx_hal_tim.c.obj
                0x0000000008002d00                HAL_TIM_PWM_Init
 .text.HAL_TIM_Encoder_Init
                0x0000000008002d58       0xb8 CMakeFiles/QEA.elf.dir/Drivers/STM32F1xx_HAL_Driver/Src/stm32f1xx_hal_tim.c.obj
                0x0000000008002d58                HAL_TIM_Encoder_Init
 .text.TIM_OC2_SetConfig
                0x0000000008002e10       0x70 CMakeFiles/QEA.elf.dir/Drivers/STM32F1xx_HAL_Driver/Src/stm32f1xx_hal_tim.c.obj
                0x0000000008002e10                TIM_OC2_SetConfig
 .text.HAL_TIM_PWM_ConfigChannel
                0x0000000008002e80       0xd0 CMakeFiles/QEA.elf.dir/Drivers/STM32F1xx_HAL_Driver/Src/stm32f1xx_hal_tim.c.obj
                0x0000000008002e80                HAL_TIM_PWM_ConfigChannel
 .text.TIM_ETR_SetConfig
                0x0000000008002f50       0x18 CMakeFiles/QEA.elf.dir/Drivers/STM32F1xx_HAL_Driver/Src/stm32f1xx_hal_tim.c.obj
                0x0000000008002f50                TIM_ETR_SetConfig
 .text.HAL_TIM_ConfigClockSource
                0x0000000008002f68       0xda CMakeFiles/QEA.elf.dir/Drivers/STM32F1xx_HAL_Driver/Src/stm32f1xx_hal_tim.c.obj
                0x0000000008002f68                HAL_TIM_ConfigClockSource
 .text.TIM_CCxChannelCmd
                0x0000000008003042       0x1e CMakeFiles/QEA.elf.dir/Drivers/STM32F1xx_HAL_Driver/Src/stm32f1xx_hal_tim.c.obj
                0x0000000008003042                TIM_CCxChannelCmd
 .text.HAL_TIM_PWM_Start
                0x0000000008003060       0xf4 CMakeFiles/QEA.elf.dir/Drivers/STM32F1xx_HAL_Driver/Src/stm32f1xx_hal_tim.c.obj
                0x0000000008003060                HAL_TIM_PWM_Start
 .text.HAL_TIM_Encoder_Start
                0x0000000008003154       0xcc CMakeFiles/QEA.elf.dir/Drivers/STM32F1xx_HAL_Driver/Src/stm32f1xx_hal_tim.c.obj
                0x0000000008003154                HAL_TIM_Encoder_Start
 .text.HAL_TIMEx_MasterConfigSynchronization
                0x0000000008003220       0x7c CMakeFiles/QEA.elf.dir/Drivers/STM32F1xx_HAL_Driver/Src/stm32f1xx_hal_tim_ex.c.obj
                0x0000000008003220                HAL_TIMEx_MasterConfigSynchronization
 .text.HAL_TIMEx_CommutCallback
                0x000000000800329c        0x2 CMakeFiles/QEA.elf.dir/Drivers/STM32F1xx_HAL_Driver/Src/stm32f1xx_hal_tim_ex.c.obj
                0x000000000800329c                HAL_TIMEx_CommutCallback
 .text.HAL_TIMEx_BreakCallback
                0x000000000800329e        0x2 CMakeFiles/QEA.elf.dir/Drivers/STM32F1xx_HAL_Driver/Src/stm32f1xx_hal_tim_ex.c.obj
                0x000000000800329e                HAL_TIMEx_BreakCallback
 .text.UART_EndRxTransfer
                0x00000000080032a0       0x32 CMakeFiles/QEA.elf.dir/Drivers/STM32F1xx_HAL_Driver/Src/stm32f1xx_hal_uart.c.obj
 .text.UART_Transmit_IT
                0x00000000080032d2       0x60 CMakeFiles/QEA.elf.dir/Drivers/STM32F1xx_HAL_Driver/Src/stm32f1xx_hal_uart.c.obj
 *fill*         0x0000000008003332        0x2 
 .text.UART_SetConfig
                0x0000000008003334       0x94 CMakeFiles/QEA.elf.dir/Drivers/STM32F1xx_HAL_Driver/Src/stm32f1xx_hal_uart.c.obj
 .text.HAL_UART_Init
                0x00000000080033c8       0x5e CMakeFiles/QEA.elf.dir/Drivers/STM32F1xx_HAL_Driver/Src/stm32f1xx_hal_uart.c.obj
                0x00000000080033c8                HAL_UART_Init
 .text.HAL_UART_TxCpltCallback
                0x0000000008003426        0x2 CMakeFiles/QEA.elf.dir/Drivers/STM32F1xx_HAL_Driver/Src/stm32f1xx_hal_uart.c.obj
                0x0000000008003426                HAL_UART_TxCpltCallback
 .text.UART_EndTransmit_IT
                0x0000000008003428       0x1a CMakeFiles/QEA.elf.dir/Drivers/STM32F1xx_HAL_Driver/Src/stm32f1xx_hal_uart.c.obj
 .text.HAL_UART_ErrorCallback
                0x0000000008003442        0x2 CMakeFiles/QEA.elf.dir/Drivers/STM32F1xx_HAL_Driver/Src/stm32f1xx_hal_uart.c.obj
                0x0000000008003442                HAL_UART_ErrorCallback
 .text.UART_DMAAbortOnError
                0x0000000008003444       0x10 CMakeFiles/QEA.elf.dir/Drivers/STM32F1xx_HAL_Driver/Src/stm32f1xx_hal_uart.c.obj
 .text.HAL_UARTEx_RxEventCallback
                0x0000000008003454        0x2 CMakeFiles/QEA.elf.dir/Drivers/STM32F1xx_HAL_Driver/Src/stm32f1xx_hal_uart.c.obj
                0x0000000008003454                HAL_UARTEx_RxEventCallback
 .text.UART_Receive_IT
                0x0000000008003456       0xd4 CMakeFiles/QEA.elf.dir/Drivers/STM32F1xx_HAL_Driver/Src/stm32f1xx_hal_uart.c.obj
 *fill*         0x000000000800352a        0x2 
 .text.HAL_UART_IRQHandler
                0x000000000800352c      0x204 CMakeFiles/QEA.elf.dir/Drivers/STM32F1xx_HAL_Driver/Src/stm32f1xx_hal_uart.c.obj
                0x000000000800352c                HAL_UART_IRQHandler
 .text.UART_Start_Receive_IT
                0x0000000008003730       0x36 CMakeFiles/QEA.elf.dir/Drivers/STM32F1xx_HAL_Driver/Src/stm32f1xx_hal_uart.c.obj
                0x0000000008003730                UART_Start_Receive_IT
 .text.HAL_UART_Receive_IT
                0x0000000008003766       0x38 CMakeFiles/QEA.elf.dir/Drivers/STM32F1xx_HAL_Driver/Src/stm32f1xx_hal_uart.c.obj
                0x0000000008003766                HAL_UART_Receive_IT
 *fill*         0x000000000800379e        0x2 
 .text.__errno  0x00000000080037a0        0xc /Applications/ARM/bin/../lib/gcc/arm-none-eabi/10.3.1/../../../../arm-none-eabi/lib/thumb/v7-m/nofp/libg.a(lib_a-errno.o)
                0x00000000080037a0                __errno
 .text.__libc_init_array
                0x00000000080037ac       0x48 /Applications/ARM/bin/../lib/gcc/arm-none-eabi/10.3.1/../../../../arm-none-eabi/lib/thumb/v7-m/nofp/libg.a(lib_a-init.o)
                0x00000000080037ac                __libc_init_array
 .text.memset   0x00000000080037f4       0xa4 /Applications/ARM/bin/../lib/gcc/arm-none-eabi/10.3.1/../../../../arm-none-eabi/lib/thumb/v7-m/nofp/libg.a(lib_a-memset.o)
                0x00000000080037f4                memset
 .text.startup.register_fini
                0x0000000008003898       0x14 /Applications/ARM/bin/../lib/gcc/arm-none-eabi/10.3.1/../../../../arm-none-eabi/lib/thumb/v7-m/nofp/libg.a(lib_a-__call_atexit.o)
 .text.atexit   0x00000000080038ac        0xc /Applications/ARM/bin/../lib/gcc/arm-none-eabi/10.3.1/../../../../arm-none-eabi/lib/thumb/v7-m/nofp/libg.a(lib_a-atexit.o)
                0x00000000080038ac                atexit
 .text.__libc_fini_array
                0x00000000080038b8       0x2c /Applications/ARM/bin/../lib/gcc/arm-none-eabi/10.3.1/../../../../arm-none-eabi/lib/thumb/v7-m/nofp/libg.a(lib_a-fini.o)
                0x00000000080038b8                __libc_fini_array
 .text.__retarget_lock_acquire_recursive
                0x00000000080038e4        0x4 /Applications/ARM/bin/../lib/gcc/arm-none-eabi/10.3.1/../../../../arm-none-eabi/lib/thumb/v7-m/nofp/libg.a(lib_a-lock.o)
                0x00000000080038e4                __retarget_lock_acquire_recursive
 .text.__retarget_lock_release_recursive
                0x00000000080038e8        0x4 /Applications/ARM/bin/../lib/gcc/arm-none-eabi/10.3.1/../../../../arm-none-eabi/lib/thumb/v7-m/nofp/libg.a(lib_a-lock.o)
                0x00000000080038e8                __retarget_lock_release_recursive
 .text.__register_exitproc
                0x00000000080038ec       0x8c /Applications/ARM/bin/../lib/gcc/arm-none-eabi/10.3.1/../../../../arm-none-eabi/lib/thumb/v7-m/nofp/libg.a(lib_a-__atexit.o)
                0x00000000080038ec                __register_exitproc
 .text.atan     0x0000000008003978      0x31c /Applications/ARM/bin/../lib/gcc/arm-none-eabi/10.3.1/../../../../arm-none-eabi/lib/thumb/v7-m/nofp/libm.a(lib_a-s_atan.o)
                0x0000000008003978                atan
 .text.cos      0x0000000008003c94       0xa4 /Applications/ARM/bin/../lib/gcc/arm-none-eabi/10.3.1/../../../../arm-none-eabi/lib/thumb/v7-m/nofp/libm.a(lib_a-s_cos.o)
                0x0000000008003c94                cos
 .text.fabs     0x0000000008003d38        0x8 /Applications/ARM/bin/../lib/gcc/arm-none-eabi/10.3.1/../../../../arm-none-eabi/lib/thumb/v7-m/nofp/libm.a(lib_a-s_fabs.o)
                0x0000000008003d38                fabs
 .text.sin      0x0000000008003d40       0xb0 /Applications/ARM/bin/../lib/gcc/arm-none-eabi/10.3.1/../../../../arm-none-eabi/lib/thumb/v7-m/nofp/libm.a(lib_a-s_sin.o)
                0x0000000008003d40                sin
 .text.pow      0x0000000008003df0       0xdc /Applications/ARM/bin/../lib/gcc/arm-none-eabi/10.3.1/../../../../arm-none-eabi/lib/thumb/v7-m/nofp/libm.a(lib_a-w_pow.o)
                0x0000000008003df0                pow
 .text.sqrt     0x0000000008003ecc       0x50 /Applications/ARM/bin/../lib/gcc/arm-none-eabi/10.3.1/../../../../arm-none-eabi/lib/thumb/v7-m/nofp/libm.a(lib_a-w_sqrt.o)
                0x0000000008003ecc                sqrt
 *fill*         0x0000000008003f1c        0x4 
 .text.__ieee754_pow
                0x0000000008003f20      0xb08 /Applications/ARM/bin/../lib/gcc/arm-none-eabi/10.3.1/../../../../arm-none-eabi/lib/thumb/v7-m/nofp/libm.a(lib_a-e_pow.o)
                0x0000000008003f20                __ieee754_pow
 .text.__ieee754_rem_pio2
                0x0000000008004a28      0x454 /Applications/ARM/bin/../lib/gcc/arm-none-eabi/10.3.1/../../../../arm-none-eabi/lib/thumb/v7-m/nofp/libm.a(lib_a-e_rem_pio2.o)
                0x0000000008004a28                __ieee754_rem_pio2
 .text.__ieee754_sqrt
                0x0000000008004e7c      0x18c /Applications/ARM/bin/../lib/gcc/arm-none-eabi/10.3.1/../../../../arm-none-eabi/lib/thumb/v7-m/nofp/libm.a(lib_a-e_sqrt.o)
                0x0000000008004e7c                __ieee754_sqrt
 .text.__kernel_cos
                0x0000000008005008      0x250 /Applications/ARM/bin/../lib/gcc/arm-none-eabi/10.3.1/../../../../arm-none-eabi/lib/thumb/v7-m/nofp/libm.a(lib_a-k_cos.o)
                0x0000000008005008                __kernel_cos
 .text.__kernel_rem_pio2
                0x0000000008005258      0x850 /Applications/ARM/bin/../lib/gcc/arm-none-eabi/10.3.1/../../../../arm-none-eabi/lib/thumb/v7-m/nofp/libm.a(lib_a-k_rem_pio2.o)
                0x0000000008005258                __kernel_rem_pio2
 .text.__kernel_sin
                0x0000000008005aa8      0x184 /Applications/ARM/bin/../lib/gcc/arm-none-eabi/10.3.1/../../../../arm-none-eabi/lib/thumb/v7-m/nofp/libm.a(lib_a-k_sin.o)
                0x0000000008005aa8                __kernel_sin
 .text.with_errno
                0x0000000008005c2c       0x18 /Applications/ARM/bin/../lib/gcc/arm-none-eabi/10.3.1/../../../../arm-none-eabi/lib/thumb/v7-m/nofp/libm.a(lib_a-math_err.o)
 .text.xflow    0x0000000008005c44       0x30 /Applications/ARM/bin/../lib/gcc/arm-none-eabi/10.3.1/../../../../arm-none-eabi/lib/thumb/v7-m/nofp/libm.a(lib_a-math_err.o)
 .text.__math_uflow
                0x0000000008005c74        0xc /Applications/ARM/bin/../lib/gcc/arm-none-eabi/10.3.1/../../../../arm-none-eabi/lib/thumb/v7-m/nofp/libm.a(lib_a-math_err.o)
                0x0000000008005c74                __math_uflow
 .text.__math_oflow
                0x0000000008005c80        0xc /Applications/ARM/bin/../lib/gcc/arm-none-eabi/10.3.1/../../../../arm-none-eabi/lib/thumb/v7-m/nofp/libm.a(lib_a-math_err.o)
                0x0000000008005c80                __math_oflow
 .text.finite   0x0000000008005c8c        0xc /Applications/ARM/bin/../lib/gcc/arm-none-eabi/10.3.1/../../../../arm-none-eabi/lib/thumb/v7-m/nofp/libm.a(lib_a-s_finite.o)
                0x0000000008005c8c                finite
 .text.floor    0x0000000008005c98       0xf8 /Applications/ARM/bin/../lib/gcc/arm-none-eabi/10.3.1/../../../../arm-none-eabi/lib/thumb/v7-m/nofp/libm.a(lib_a-s_floor.o)
                0x0000000008005c98                floor
 .text.scalbn   0x0000000008005d90       0xfc /Applications/ARM/bin/../lib/gcc/arm-none-eabi/10.3.1/../../../../arm-none-eabi/lib/thumb/v7-m/nofp/libm.a(lib_a-s_scalbn.o)
                0x0000000008005d90                scalbn
 *(.glue_7)
 .glue_7        0x0000000008005e8c        0x0 linker stubs
 *(.glue_7t)
 .glue_7t       0x0000000008005e8c        0x0 linker stubs
 *(.eh_frame)
 .eh_frame      0x0000000008005e8c        0x0 /Applications/ARM/bin/../lib/gcc/arm-none-eabi/10.3.1/thumb/v7-m/nofp/crtbegin.o
 *(.init)
 .init          0x0000000008005e8c        0x4 /Applications/ARM/bin/../lib/gcc/arm-none-eabi/10.3.1/thumb/v7-m/nofp/crti.o
                0x0000000008005e8c                _init
 .init          0x0000000008005e90        0x8 /Applications/ARM/bin/../lib/gcc/arm-none-eabi/10.3.1/thumb/v7-m/nofp/crtn.o
 *(.fini)
 .fini          0x0000000008005e98        0x4 /Applications/ARM/bin/../lib/gcc/arm-none-eabi/10.3.1/thumb/v7-m/nofp/crti.o
                0x0000000008005e98                _fini
 .fini          0x0000000008005e9c        0x8 /Applications/ARM/bin/../lib/gcc/arm-none-eabi/10.3.1/thumb/v7-m/nofp/crtn.o
                0x0000000008005ea4                . = ALIGN (0x4)
                0x0000000008005ea4                _etext = .

.vfp11_veneer   0x0000000008005ea4        0x0
 .vfp11_veneer  0x0000000008005ea4        0x0 linker stubs

.v4_bx          0x0000000008005ea4        0x0
 .v4_bx         0x0000000008005ea4        0x0 linker stubs

.iplt           0x0000000008005ea4        0x0
 .iplt          0x0000000008005ea4        0x0 /Applications/ARM/bin/../lib/gcc/arm-none-eabi/10.3.1/thumb/v7-m/nofp/crtbegin.o

.rodata         0x0000000008005ea8      0x548
                0x0000000008005ea8                . = ALIGN (0x4)
 *(.rodata)
 *(.rodata*)
 .rodata.CRC16Table
                0x0000000008005ea8      0x200 CMakeFiles/QEA.elf.dir/Core/Src/main.c.obj
 .rodata.CRC8Table
                0x00000000080060a8      0x100 CMakeFiles/QEA.elf.dir/Core/Src/main.c.obj
 .rodata.AHBPrescTable
                0x00000000080061a8       0x10 CMakeFiles/QEA.elf.dir/Core/Src/system_stm32f1xx.c.obj
                0x00000000080061a8                AHBPrescTable
 .rodata.APBPrescTable
                0x00000000080061b8        0x8 CMakeFiles/QEA.elf.dir/Core/Src/system_stm32f1xx.c.obj
                0x00000000080061b8                APBPrescTable
 .rodata.HAL_RCC_GetSysClockFreq.str1.4
                0x00000000080061c0       0x11 CMakeFiles/QEA.elf.dir/Drivers/STM32F1xx_HAL_Driver/Src/stm32f1xx_hal_rcc.c.obj
 *fill*         0x00000000080061d1        0x3 
 .rodata._global_impure_ptr
                0x00000000080061d4        0x4 /Applications/ARM/bin/../lib/gcc/arm-none-eabi/10.3.1/../../../../arm-none-eabi/lib/thumb/v7-m/nofp/libg.a(lib_a-impure.o)
                0x00000000080061d4                _global_impure_ptr
 .rodata.atanhi
                0x00000000080061d8       0x20 /Applications/ARM/bin/../lib/gcc/arm-none-eabi/10.3.1/../../../../arm-none-eabi/lib/thumb/v7-m/nofp/libm.a(lib_a-s_atan.o)
 .rodata.atanlo
                0x00000000080061f8       0x20 /Applications/ARM/bin/../lib/gcc/arm-none-eabi/10.3.1/../../../../arm-none-eabi/lib/thumb/v7-m/nofp/libm.a(lib_a-s_atan.o)
 .rodata.npio2_hw
                0x0000000008006218       0x80 /Applications/ARM/bin/../lib/gcc/arm-none-eabi/10.3.1/../../../../arm-none-eabi/lib/thumb/v7-m/nofp/libm.a(lib_a-e_rem_pio2.o)
 .rodata.two_over_pi
                0x0000000008006298      0x108 /Applications/ARM/bin/../lib/gcc/arm-none-eabi/10.3.1/../../../../arm-none-eabi/lib/thumb/v7-m/nofp/libm.a(lib_a-e_rem_pio2.o)
 .rodata.PIo2   0x00000000080063a0       0x40 /Applications/ARM/bin/../lib/gcc/arm-none-eabi/10.3.1/../../../../arm-none-eabi/lib/thumb/v7-m/nofp/libm.a(lib_a-k_rem_pio2.o)
 .rodata.init_jk
                0x00000000080063e0       0x10 /Applications/ARM/bin/../lib/gcc/arm-none-eabi/10.3.1/../../../../arm-none-eabi/lib/thumb/v7-m/nofp/libm.a(lib_a-k_rem_pio2.o)
                0x00000000080063f0                . = ALIGN (0x4)

.rel.dyn        0x00000000080063f0        0x0
 .rel.iplt      0x00000000080063f0        0x0 /Applications/ARM/bin/../lib/gcc/arm-none-eabi/10.3.1/thumb/v7-m/nofp/crtbegin.o

.ARM.extab      0x00000000080063f0        0x0
                0x00000000080063f0                . = ALIGN (0x4)
 *(.ARM.extab* .gnu.linkonce.armextab.*)
                0x00000000080063f0                . = ALIGN (0x4)

.ARM            0x00000000080063f0        0x0
                0x00000000080063f0                . = ALIGN (0x4)
                0x00000000080063f0                __exidx_start = .
 *(.ARM.exidx*)
                0x00000000080063f0                __exidx_end = .
                0x00000000080063f0                . = ALIGN (0x4)

.preinit_array  0x00000000080063f0        0x0
                0x00000000080063f0                . = ALIGN (0x4)
                0x00000000080063f0                PROVIDE (__preinit_array_start = .)
 *(.preinit_array*)
                0x00000000080063f0                PROVIDE (__preinit_array_end = .)
                0x00000000080063f0                . = ALIGN (0x4)

.init_array     0x00000000080063f0        0x8
                0x00000000080063f0                . = ALIGN (0x4)
                0x00000000080063f0                PROVIDE (__init_array_start = .)
 *(SORT_BY_NAME(.init_array.*))
 .init_array.00000
                0x00000000080063f0        0x4 /Applications/ARM/bin/../lib/gcc/arm-none-eabi/10.3.1/../../../../arm-none-eabi/lib/thumb/v7-m/nofp/libg.a(lib_a-__call_atexit.o)
 *(.init_array*)
 .init_array    0x00000000080063f4        0x4 /Applications/ARM/bin/../lib/gcc/arm-none-eabi/10.3.1/thumb/v7-m/nofp/crtbegin.o
                0x00000000080063f8                PROVIDE (__init_array_end = .)
                0x00000000080063f8                . = ALIGN (0x4)

.fini_array     0x00000000080063f8        0x4
                0x00000000080063f8                . = ALIGN (0x4)
                0x00000000080063f8                PROVIDE (__fini_array_start = .)
 *(SORT_BY_NAME(.fini_array.*))
 *(.fini_array*)
 .fini_array    0x00000000080063f8        0x4 /Applications/ARM/bin/../lib/gcc/arm-none-eabi/10.3.1/thumb/v7-m/nofp/crtbegin.o
                0x00000000080063fc                PROVIDE (__fini_array_end = .)
                0x00000000080063fc                . = ALIGN (0x4)
                0x00000000080063fc                _sidata = LOADADDR (.data)

.data           0x0000000020000000      0x43c load address 0x00000000080063fc
                0x0000000020000000                . = ALIGN (0x4)
                0x0000000020000000                _sdata = .
 *(.data)
 *(.data*)
 .data.SystemCoreClock
                0x0000000020000000        0x4 CMakeFiles/QEA.elf.dir/Core/Src/system_stm32f1xx.c.obj
                0x0000000020000000                SystemCoreClock
 .data.uwTickFreq
                0x0000000020000004        0x1 CMakeFiles/QEA.elf.dir/Drivers/STM32F1xx_HAL_Driver/Src/stm32f1xx_hal.c.obj
                0x0000000020000004                uwTickFreq
 *fill*         0x0000000020000005        0x3 
 .data.uwTickPrio
                0x0000000020000008        0x4 CMakeFiles/QEA.elf.dir/Drivers/STM32F1xx_HAL_Driver/Src/stm32f1xx_hal.c.obj
                0x0000000020000008                uwTickPrio
 .data._impure_ptr
                0x000000002000000c        0x4 /Applications/ARM/bin/../lib/gcc/arm-none-eabi/10.3.1/../../../../arm-none-eabi/lib/thumb/v7-m/nofp/libg.a(lib_a-impure.o)
                0x000000002000000c                _impure_ptr
 .data.impure_data
                0x0000000020000010      0x428 /Applications/ARM/bin/../lib/gcc/arm-none-eabi/10.3.1/../../../../arm-none-eabi/lib/thumb/v7-m/nofp/libg.a(lib_a-impure.o)
 .data.__atexit_recursive_mutex
                0x0000000020000438        0x4 /Applications/ARM/bin/../lib/gcc/arm-none-eabi/10.3.1/../../../../arm-none-eabi/lib/thumb/v7-m/nofp/libg.a(lib_a-__call_atexit.o)
                0x0000000020000438                __atexit_recursive_mutex
 *(.RamFunc)
 *(.RamFunc*)
                0x000000002000043c                . = ALIGN (0x4)
                0x000000002000043c                _edata = .

.igot.plt       0x000000002000043c        0x0 load address 0x0000000008006838
 .igot.plt      0x000000002000043c        0x0 /Applications/ARM/bin/../lib/gcc/arm-none-eabi/10.3.1/thumb/v7-m/nofp/crtbegin.o
                0x000000002000043c                . = ALIGN (0x4)

.bss            0x0000000020000440      0x7d4 load address 0x0000000008006838
                0x0000000020000440                _sbss = .
                0x0000000020000440                __bss_start__ = _sbss
 *(.bss)
 .bss           0x0000000020000440       0x1c /Applications/ARM/bin/../lib/gcc/arm-none-eabi/10.3.1/thumb/v7-m/nofp/crtbegin.o
 *(.bss*)
 .bss.imuBuff   0x000000002000045c      0x400 CMakeFiles/QEA.elf.dir/Core/Src/main.c.obj
                0x000000002000045c                imuBuff
 .bss.imuBuffOffset
                0x000000002000085c        0x1 CMakeFiles/QEA.elf.dir/Core/Src/main.c.obj
                0x000000002000085c                imuBuffOffset
 *fill*         0x000000002000085d        0x3 
 .bss.imuPackage
                0x0000000020000860        0x4 CMakeFiles/QEA.elf.dir/Core/Src/main.c.obj
                0x0000000020000860                imuPackage
 .bss.imuRecvBuff1
                0x0000000020000864       0x40 CMakeFiles/QEA.elf.dir/Core/Src/main.c.obj
                0x0000000020000864                imuRecvBuff1
 .bss.imuRecvBuff2
                0x00000000200008a4       0x40 CMakeFiles/QEA.elf.dir/Core/Src/main.c.obj
                0x00000000200008a4                imuRecvBuff2
 .bss.imuRecvOffset1
                0x00000000200008e4        0x4 CMakeFiles/QEA.elf.dir/Core/Src/main.c.obj
                0x00000000200008e4                imuRecvOffset1
 .bss.imuRecvOffset2
                0x00000000200008e8        0x4 CMakeFiles/QEA.elf.dir/Core/Src/main.c.obj
                0x00000000200008e8                imuRecvOffset2
 .bss.imuRecvStatus
                0x00000000200008ec        0x4 CMakeFiles/QEA.elf.dir/Core/Src/main.c.obj
                0x00000000200008ec                imuRecvStatus
 .bss.robotIMU  0x00000000200008f0       0x30 CMakeFiles/QEA.elf.dir/Core/Src/main.c.obj
                0x00000000200008f0                robotIMU
 .bss.robotInfo
                0x0000000020000920       0x40 CMakeFiles/QEA.elf.dir/Core/Src/main.c.obj
                0x0000000020000920                robotInfo
 .bss.wheelPWM1
                0x0000000020000960       0x60 CMakeFiles/QEA.elf.dir/Core/Src/main.c.obj
                0x0000000020000960                wheelPWM1
 .bss.wheelPWM2
                0x00000000200009c0       0x60 CMakeFiles/QEA.elf.dir/Core/Src/main.c.obj
                0x00000000200009c0                wheelPWM2
 .bss.htim3     0x0000000020000a20       0x48 CMakeFiles/QEA.elf.dir/Core/Src/tim.c.obj
                0x0000000020000a20                htim3
 .bss.htim4     0x0000000020000a68       0x48 CMakeFiles/QEA.elf.dir/Core/Src/tim.c.obj
                0x0000000020000a68                htim4
 .bss.htim6     0x0000000020000ab0       0x48 CMakeFiles/QEA.elf.dir/Core/Src/tim.c.obj
                0x0000000020000ab0                htim6
 .bss.htim8     0x0000000020000af8       0x48 CMakeFiles/QEA.elf.dir/Core/Src/tim.c.obj
                0x0000000020000af8                htim8
 .bss.huart1    0x0000000020000b40       0x44 CMakeFiles/QEA.elf.dir/Core/Src/usart.c.obj
                0x0000000020000b40                huart1
 .bss.huart2    0x0000000020000b84       0x44 CMakeFiles/QEA.elf.dir/Core/Src/usart.c.obj
                0x0000000020000b84                huart2
 .bss.huart3    0x0000000020000bc8       0x44 CMakeFiles/QEA.elf.dir/Core/Src/usart.c.obj
                0x0000000020000bc8                huart3
 .bss.uwTick    0x0000000020000c0c        0x4 CMakeFiles/QEA.elf.dir/Drivers/STM32F1xx_HAL_Driver/Src/stm32f1xx_hal.c.obj
                0x0000000020000c0c                uwTick
 .bss.__lock___atexit_recursive_mutex
                0x0000000020000c10        0x1 /Applications/ARM/bin/../lib/gcc/arm-none-eabi/10.3.1/../../../../arm-none-eabi/lib/thumb/v7-m/nofp/libg.a(lib_a-lock.o)
                0x0000000020000c10                __lock___atexit_recursive_mutex
 *(COMMON)
                0x0000000020000c14                . = ALIGN (0x4)
 *fill*         0x0000000020000c11        0x3 
                0x0000000020000c14                _ebss = .
                0x0000000020000c14                __bss_end__ = _ebss

._user_heap_stack
                0x0000000020000c14      0x604 load address 0x0000000008006838
                0x0000000020000c18                . = ALIGN (0x8)
 *fill*         0x0000000020000c14        0x4 
                [!provide]                        PROVIDE (end = .)
                0x0000000020000c18                PROVIDE (_end = .)
                0x0000000020000e18                . = (. + _Min_Heap_Size)
 *fill*         0x0000000020000c18      0x200 
                0x0000000020001218                . = (. + _Min_Stack_Size)
 *fill*         0x0000000020000e18      0x400 
                0x0000000020001218                . = ALIGN (0x8)

/DISCARD/
 libc.a(*)
 libm.a(*)
 libgcc.a(*)

.ARM.attributes
                0x0000000000000000       0x29
 *(.ARM.attributes)
 .ARM.attributes
                0x0000000000000000       0x1d /Applications/ARM/bin/../lib/gcc/arm-none-eabi/10.3.1/thumb/v7-m/nofp/crti.o
 .ARM.attributes
                0x000000000000001d       0x2d /Applications/ARM/bin/../lib/gcc/arm-none-eabi/10.3.1/thumb/v7-m/nofp/crtbegin.o
 .ARM.attributes
                0x000000000000004a       0x2d CMakeFiles/QEA.elf.dir/Core/Src/gpio.c.obj
 .ARM.attributes
                0x0000000000000077       0x2d CMakeFiles/QEA.elf.dir/Core/Src/main.c.obj
 .ARM.attributes
                0x00000000000000a4       0x2d CMakeFiles/QEA.elf.dir/Core/Src/stm32f1xx_hal_msp.c.obj
 .ARM.attributes
                0x00000000000000d1       0x2d CMakeFiles/QEA.elf.dir/Core/Src/stm32f1xx_it.c.obj
 .ARM.attributes
                0x00000000000000fe       0x2d CMakeFiles/QEA.elf.dir/Core/Src/system_stm32f1xx.c.obj
 .ARM.attributes
                0x000000000000012b       0x2d CMakeFiles/QEA.elf.dir/Core/Src/tim.c.obj
 .ARM.attributes
                0x0000000000000158       0x2d CMakeFiles/QEA.elf.dir/Core/Src/usart.c.obj
 .ARM.attributes
                0x0000000000000185       0x21 CMakeFiles/QEA.elf.dir/Core/Startup/startup_stm32f103rctx.s.obj
 .ARM.attributes
                0x00000000000001a6       0x2d CMakeFiles/QEA.elf.dir/Drivers/STM32F1xx_HAL_Driver/Src/stm32f1xx_hal.c.obj
 .ARM.attributes
                0x00000000000001d3       0x2d CMakeFiles/QEA.elf.dir/Drivers/STM32F1xx_HAL_Driver/Src/stm32f1xx_hal_cortex.c.obj
 .ARM.attributes
                0x0000000000000200       0x2d CMakeFiles/QEA.elf.dir/Drivers/STM32F1xx_HAL_Driver/Src/stm32f1xx_hal_dma.c.obj
 .ARM.attributes
                0x000000000000022d       0x2d CMakeFiles/QEA.elf.dir/Drivers/STM32F1xx_HAL_Driver/Src/stm32f1xx_hal_gpio.c.obj
 .ARM.attributes
                0x000000000000025a       0x2d CMakeFiles/QEA.elf.dir/Drivers/STM32F1xx_HAL_Driver/Src/stm32f1xx_hal_rcc.c.obj
 .ARM.attributes
                0x0000000000000287       0x2d CMakeFiles/QEA.elf.dir/Drivers/STM32F1xx_HAL_Driver/Src/stm32f1xx_hal_tim.c.obj
 .ARM.attributes
                0x00000000000002b4       0x2d CMakeFiles/QEA.elf.dir/Drivers/STM32F1xx_HAL_Driver/Src/stm32f1xx_hal_tim_ex.c.obj
 .ARM.attributes
                0x00000000000002e1       0x2d CMakeFiles/QEA.elf.dir/Drivers/STM32F1xx_HAL_Driver/Src/stm32f1xx_hal_uart.c.obj
 .ARM.attributes
                0x000000000000030e       0x1d /Applications/ARM/bin/../lib/gcc/arm-none-eabi/10.3.1/thumb/v7-m/nofp/libgcc.a(_arm_addsubdf3.o)
 .ARM.attributes
                0x000000000000032b       0x1d /Applications/ARM/bin/../lib/gcc/arm-none-eabi/10.3.1/thumb/v7-m/nofp/libgcc.a(_arm_muldivdf3.o)
 .ARM.attributes
                0x0000000000000348       0x1d /Applications/ARM/bin/../lib/gcc/arm-none-eabi/10.3.1/thumb/v7-m/nofp/libgcc.a(_arm_cmpdf2.o)
 .ARM.attributes
                0x0000000000000365       0x1d /Applications/ARM/bin/../lib/gcc/arm-none-eabi/10.3.1/thumb/v7-m/nofp/libgcc.a(_arm_fixunsdfsi.o)
 .ARM.attributes
                0x0000000000000382       0x2d /Applications/ARM/bin/../lib/gcc/arm-none-eabi/10.3.1/../../../../arm-none-eabi/lib/thumb/v7-m/nofp/libg.a(lib_a-errno.o)
 .ARM.attributes
                0x00000000000003af       0x2d /Applications/ARM/bin/../lib/gcc/arm-none-eabi/10.3.1/../../../../arm-none-eabi/lib/thumb/v7-m/nofp/libg.a(lib_a-impure.o)
 .ARM.attributes
                0x00000000000003dc       0x2d /Applications/ARM/bin/../lib/gcc/arm-none-eabi/10.3.1/../../../../arm-none-eabi/lib/thumb/v7-m/nofp/libg.a(lib_a-init.o)
 .ARM.attributes
                0x0000000000000409       0x1b /Applications/ARM/bin/../lib/gcc/arm-none-eabi/10.3.1/../../../../arm-none-eabi/lib/thumb/v7-m/nofp/libg.a(lib_a-memcpy.o)
 .ARM.attributes
                0x0000000000000424       0x2d /Applications/ARM/bin/../lib/gcc/arm-none-eabi/10.3.1/../../../../arm-none-eabi/lib/thumb/v7-m/nofp/libg.a(lib_a-memset.o)
 .ARM.attributes
                0x0000000000000451       0x2d /Applications/ARM/bin/../lib/gcc/arm-none-eabi/10.3.1/../../../../arm-none-eabi/lib/thumb/v7-m/nofp/libg.a(lib_a-__call_atexit.o)
 .ARM.attributes
                0x000000000000047e       0x2d /Applications/ARM/bin/../lib/gcc/arm-none-eabi/10.3.1/../../../../arm-none-eabi/lib/thumb/v7-m/nofp/libg.a(lib_a-atexit.o)
 .ARM.attributes
                0x00000000000004ab       0x2d /Applications/ARM/bin/../lib/gcc/arm-none-eabi/10.3.1/../../../../arm-none-eabi/lib/thumb/v7-m/nofp/libg.a(lib_a-fini.o)
 .ARM.attributes
                0x00000000000004d8       0x2d /Applications/ARM/bin/../lib/gcc/arm-none-eabi/10.3.1/../../../../arm-none-eabi/lib/thumb/v7-m/nofp/libg.a(lib_a-lock.o)
 .ARM.attributes
                0x0000000000000505       0x2d /Applications/ARM/bin/../lib/gcc/arm-none-eabi/10.3.1/../../../../arm-none-eabi/lib/thumb/v7-m/nofp/libg.a(lib_a-__atexit.o)
 .ARM.attributes
                0x0000000000000532       0x1d /Applications/ARM/bin/../lib/gcc/arm-none-eabi/10.3.1/thumb/v7-m/nofp/crtn.o
OUTPUT(QEA.elf elf32-littlearm)
LOAD linker stubs
LOAD /Applications/ARM/bin/../lib/gcc/arm-none-eabi/10.3.1/../../../../arm-none-eabi/lib/thumb/v7-m/nofp/libc.a
LOAD /Applications/ARM/bin/../lib/gcc/arm-none-eabi/10.3.1/../../../../arm-none-eabi/lib/thumb/v7-m/nofp/libm.a
LOAD /Applications/ARM/bin/../lib/gcc/arm-none-eabi/10.3.1/thumb/v7-m/nofp/libgcc.a

.debug_info     0x0000000000000000     0xec63
 .debug_info    0x0000000000000000      0x3a1 CMakeFiles/QEA.elf.dir/Core/Src/gpio.c.obj
 .debug_info    0x00000000000003a1     0x1b85 CMakeFiles/QEA.elf.dir/Core/Src/main.c.obj
 .debug_info    0x0000000000001f26      0x211 CMakeFiles/QEA.elf.dir/Core/Src/stm32f1xx_hal_msp.c.obj
 .debug_info    0x0000000000002137      0x9f3 CMakeFiles/QEA.elf.dir/Core/Src/stm32f1xx_it.c.obj
 .debug_info    0x0000000000002b2a      0x248 CMakeFiles/QEA.elf.dir/Core/Src/system_stm32f1xx.c.obj
 .debug_info    0x0000000000002d72     0x11e7 CMakeFiles/QEA.elf.dir/Core/Src/tim.c.obj
 .debug_info    0x0000000000003f59      0xc8b CMakeFiles/QEA.elf.dir/Core/Src/usart.c.obj
 .debug_info    0x0000000000004be4       0x22 CMakeFiles/QEA.elf.dir/Core/Startup/startup_stm32f103rctx.s.obj
 .debug_info    0x0000000000004c06      0x80e CMakeFiles/QEA.elf.dir/Drivers/STM32F1xx_HAL_Driver/Src/stm32f1xx_hal.c.obj
 .debug_info    0x0000000000005414      0xdf0 CMakeFiles/QEA.elf.dir/Drivers/STM32F1xx_HAL_Driver/Src/stm32f1xx_hal_cortex.c.obj
 .debug_info    0x0000000000006204      0x846 CMakeFiles/QEA.elf.dir/Drivers/STM32F1xx_HAL_Driver/Src/stm32f1xx_hal_dma.c.obj
 .debug_info    0x0000000000006a4a      0x66f CMakeFiles/QEA.elf.dir/Drivers/STM32F1xx_HAL_Driver/Src/stm32f1xx_hal_gpio.c.obj
 .debug_info    0x00000000000070b9      0xa36 CMakeFiles/QEA.elf.dir/Drivers/STM32F1xx_HAL_Driver/Src/stm32f1xx_hal_rcc.c.obj
 .debug_info    0x0000000000007aef     0x3b00 CMakeFiles/QEA.elf.dir/Drivers/STM32F1xx_HAL_Driver/Src/stm32f1xx_hal_tim.c.obj
 .debug_info    0x000000000000b5ef     0x19e9 CMakeFiles/QEA.elf.dir/Drivers/STM32F1xx_HAL_Driver/Src/stm32f1xx_hal_tim_ex.c.obj
 .debug_info    0x000000000000cfd8     0x1c8b CMakeFiles/QEA.elf.dir/Drivers/STM32F1xx_HAL_Driver/Src/stm32f1xx_hal_uart.c.obj

.debug_abbrev   0x0000000000000000     0x1f64
 .debug_abbrev  0x0000000000000000      0x13c CMakeFiles/QEA.elf.dir/Core/Src/gpio.c.obj
 .debug_abbrev  0x000000000000013c      0x3e4 CMakeFiles/QEA.elf.dir/Core/Src/main.c.obj
 .debug_abbrev  0x0000000000000520       0xe5 CMakeFiles/QEA.elf.dir/Core/Src/stm32f1xx_hal_msp.c.obj
 .debug_abbrev  0x0000000000000605      0x179 CMakeFiles/QEA.elf.dir/Core/Src/stm32f1xx_it.c.obj
 .debug_abbrev  0x000000000000077e      0x13e CMakeFiles/QEA.elf.dir/Core/Src/system_stm32f1xx.c.obj
 .debug_abbrev  0x00000000000008bc      0x241 CMakeFiles/QEA.elf.dir/Core/Src/tim.c.obj
 .debug_abbrev  0x0000000000000afd      0x1ca CMakeFiles/QEA.elf.dir/Core/Src/usart.c.obj
 .debug_abbrev  0x0000000000000cc7       0x12 CMakeFiles/QEA.elf.dir/Core/Startup/startup_stm32f103rctx.s.obj
 .debug_abbrev  0x0000000000000cd9      0x1f4 CMakeFiles/QEA.elf.dir/Drivers/STM32F1xx_HAL_Driver/Src/stm32f1xx_hal.c.obj
 .debug_abbrev  0x0000000000000ecd      0x341 CMakeFiles/QEA.elf.dir/Drivers/STM32F1xx_HAL_Driver/Src/stm32f1xx_hal_cortex.c.obj
 .debug_abbrev  0x000000000000120e      0x223 CMakeFiles/QEA.elf.dir/Drivers/STM32F1xx_HAL_Driver/Src/stm32f1xx_hal_dma.c.obj
 .debug_abbrev  0x0000000000001431      0x1e6 CMakeFiles/QEA.elf.dir/Drivers/STM32F1xx_HAL_Driver/Src/stm32f1xx_hal_gpio.c.obj
 .debug_abbrev  0x0000000000001617      0x27a CMakeFiles/QEA.elf.dir/Drivers/STM32F1xx_HAL_Driver/Src/stm32f1xx_hal_rcc.c.obj
 .debug_abbrev  0x0000000000001891      0x23e CMakeFiles/QEA.elf.dir/Drivers/STM32F1xx_HAL_Driver/Src/stm32f1xx_hal_tim.c.obj
 .debug_abbrev  0x0000000000001acf      0x241 CMakeFiles/QEA.elf.dir/Drivers/STM32F1xx_HAL_Driver/Src/stm32f1xx_hal_tim_ex.c.obj
 .debug_abbrev  0x0000000000001d10      0x254 CMakeFiles/QEA.elf.dir/Drivers/STM32F1xx_HAL_Driver/Src/stm32f1xx_hal_uart.c.obj

.debug_aranges  0x0000000000000000      0xc78
 .debug_aranges
                0x0000000000000000       0x20 CMakeFiles/QEA.elf.dir/Core/Src/gpio.c.obj
 .debug_aranges
                0x0000000000000020       0xb8 CMakeFiles/QEA.elf.dir/Core/Src/main.c.obj
 .debug_aranges
                0x00000000000000d8       0x20 CMakeFiles/QEA.elf.dir/Core/Src/stm32f1xx_hal_msp.c.obj
 .debug_aranges
                0x00000000000000f8       0x80 CMakeFiles/QEA.elf.dir/Core/Src/stm32f1xx_it.c.obj
 .debug_aranges
                0x0000000000000178       0x28 CMakeFiles/QEA.elf.dir/Core/Src/system_stm32f1xx.c.obj
 .debug_aranges
                0x00000000000001a0       0x60 CMakeFiles/QEA.elf.dir/Core/Src/tim.c.obj
 .debug_aranges
                0x0000000000000200       0x40 CMakeFiles/QEA.elf.dir/Core/Src/usart.c.obj
 .debug_aranges
                0x0000000000000240       0x28 CMakeFiles/QEA.elf.dir/Core/Startup/startup_stm32f103rctx.s.obj
 .debug_aranges
                0x0000000000000268       0xe0 CMakeFiles/QEA.elf.dir/Drivers/STM32F1xx_HAL_Driver/Src/stm32f1xx_hal.c.obj
 .debug_aranges
                0x0000000000000348       0x90 CMakeFiles/QEA.elf.dir/Drivers/STM32F1xx_HAL_Driver/Src/stm32f1xx_hal_cortex.c.obj
 .debug_aranges
                0x00000000000003d8       0x80 CMakeFiles/QEA.elf.dir/Drivers/STM32F1xx_HAL_Driver/Src/stm32f1xx_hal_dma.c.obj
 .debug_aranges
                0x0000000000000458       0x58 CMakeFiles/QEA.elf.dir/Drivers/STM32F1xx_HAL_Driver/Src/stm32f1xx_hal_gpio.c.obj
 .debug_aranges
                0x00000000000004b0       0x90 CMakeFiles/QEA.elf.dir/Drivers/STM32F1xx_HAL_Driver/Src/stm32f1xx_hal_rcc.c.obj
 .debug_aranges
                0x0000000000000540      0x3d0 CMakeFiles/QEA.elf.dir/Drivers/STM32F1xx_HAL_Driver/Src/stm32f1xx_hal_tim.c.obj
 .debug_aranges
                0x0000000000000910      0x168 CMakeFiles/QEA.elf.dir/Drivers/STM32F1xx_HAL_Driver/Src/stm32f1xx_hal_tim_ex.c.obj
 .debug_aranges
                0x0000000000000a78      0x200 CMakeFiles/QEA.elf.dir/Drivers/STM32F1xx_HAL_Driver/Src/stm32f1xx_hal_uart.c.obj

.debug_ranges   0x0000000000000000      0xc80
 .debug_ranges  0x0000000000000000       0x10 CMakeFiles/QEA.elf.dir/Core/Src/gpio.c.obj
 .debug_ranges  0x0000000000000010      0x128 CMakeFiles/QEA.elf.dir/Core/Src/main.c.obj
 .debug_ranges  0x0000000000000138       0x10 CMakeFiles/QEA.elf.dir/Core/Src/stm32f1xx_hal_msp.c.obj
 .debug_ranges  0x0000000000000148       0x70 CMakeFiles/QEA.elf.dir/Core/Src/stm32f1xx_it.c.obj
 .debug_ranges  0x00000000000001b8       0x18 CMakeFiles/QEA.elf.dir/Core/Src/system_stm32f1xx.c.obj
 .debug_ranges  0x00000000000001d0       0x50 CMakeFiles/QEA.elf.dir/Core/Src/tim.c.obj
 .debug_ranges  0x0000000000000220       0x30 CMakeFiles/QEA.elf.dir/Core/Src/usart.c.obj
 .debug_ranges  0x0000000000000250       0x20 CMakeFiles/QEA.elf.dir/Core/Startup/startup_stm32f103rctx.s.obj
 .debug_ranges  0x0000000000000270       0xd0 CMakeFiles/QEA.elf.dir/Drivers/STM32F1xx_HAL_Driver/Src/stm32f1xx_hal.c.obj
 .debug_ranges  0x0000000000000340       0xe0 CMakeFiles/QEA.elf.dir/Drivers/STM32F1xx_HAL_Driver/Src/stm32f1xx_hal_cortex.c.obj
 .debug_ranges  0x0000000000000420       0x70 CMakeFiles/QEA.elf.dir/Drivers/STM32F1xx_HAL_Driver/Src/stm32f1xx_hal_dma.c.obj
 .debug_ranges  0x0000000000000490       0x48 CMakeFiles/QEA.elf.dir/Drivers/STM32F1xx_HAL_Driver/Src/stm32f1xx_hal_gpio.c.obj
 .debug_ranges  0x00000000000004d8       0xa0 CMakeFiles/QEA.elf.dir/Drivers/STM32F1xx_HAL_Driver/Src/stm32f1xx_hal_rcc.c.obj
 .debug_ranges  0x0000000000000578      0x3c0 CMakeFiles/QEA.elf.dir/Drivers/STM32F1xx_HAL_Driver/Src/stm32f1xx_hal_tim.c.obj
 .debug_ranges  0x0000000000000938      0x158 CMakeFiles/QEA.elf.dir/Drivers/STM32F1xx_HAL_Driver/Src/stm32f1xx_hal_tim_ex.c.obj
 .debug_ranges  0x0000000000000a90      0x1f0 CMakeFiles/QEA.elf.dir/Drivers/STM32F1xx_HAL_Driver/Src/stm32f1xx_hal_uart.c.obj

.debug_line     0x0000000000000000     0xd374
 .debug_line    0x0000000000000000      0x277 CMakeFiles/QEA.elf.dir/Core/Src/gpio.c.obj
 .debug_line    0x0000000000000277      0xbc7 CMakeFiles/QEA.elf.dir/Core/Src/main.c.obj
 .debug_line    0x0000000000000e3e      0x18e CMakeFiles/QEA.elf.dir/Core/Src/stm32f1xx_hal_msp.c.obj
 .debug_line    0x0000000000000fcc      0x398 CMakeFiles/QEA.elf.dir/Core/Src/stm32f1xx_it.c.obj
 .debug_line    0x0000000000001364      0x258 CMakeFiles/QEA.elf.dir/Core/Src/system_stm32f1xx.c.obj
 .debug_line    0x00000000000015bc      0x714 CMakeFiles/QEA.elf.dir/Core/Src/tim.c.obj
 .debug_line    0x0000000000001cd0      0x52d CMakeFiles/QEA.elf.dir/Core/Src/usart.c.obj
 .debug_line    0x00000000000021fd       0xbc CMakeFiles/QEA.elf.dir/Core/Startup/startup_stm32f103rctx.s.obj
 .debug_line    0x00000000000022b9      0x5b0 CMakeFiles/QEA.elf.dir/Drivers/STM32F1xx_HAL_Driver/Src/stm32f1xx_hal.c.obj
 .debug_line    0x0000000000002869      0x683 CMakeFiles/QEA.elf.dir/Drivers/STM32F1xx_HAL_Driver/Src/stm32f1xx_hal_cortex.c.obj
 .debug_line    0x0000000000002eec      0xd35 CMakeFiles/QEA.elf.dir/Drivers/STM32F1xx_HAL_Driver/Src/stm32f1xx_hal_dma.c.obj
 .debug_line    0x0000000000003c21      0x641 CMakeFiles/QEA.elf.dir/Drivers/STM32F1xx_HAL_Driver/Src/stm32f1xx_hal_gpio.c.obj
 .debug_line    0x0000000000004262      0xc76 CMakeFiles/QEA.elf.dir/Drivers/STM32F1xx_HAL_Driver/Src/stm32f1xx_hal_rcc.c.obj
 .debug_line    0x0000000000004ed8     0x4787 CMakeFiles/QEA.elf.dir/Drivers/STM32F1xx_HAL_Driver/Src/stm32f1xx_hal_tim.c.obj
 .debug_line    0x000000000000965f     0x1c10 CMakeFiles/QEA.elf.dir/Drivers/STM32F1xx_HAL_Driver/Src/stm32f1xx_hal_tim_ex.c.obj
 .debug_line    0x000000000000b26f     0x2105 CMakeFiles/QEA.elf.dir/Drivers/STM32F1xx_HAL_Driver/Src/stm32f1xx_hal_uart.c.obj

.debug_str      0x0000000000000000     0x3f2a
 .debug_str     0x0000000000000000      0x294 CMakeFiles/QEA.elf.dir/Core/Src/gpio.c.obj
                                        0x2e5 (size before relaxing)
 .debug_str     0x0000000000000294      0xd07 CMakeFiles/QEA.elf.dir/Core/Src/main.c.obj
                                        0xf8d (size before relaxing)
 .debug_str     0x0000000000000f9b       0x8f CMakeFiles/QEA.elf.dir/Core/Src/stm32f1xx_hal_msp.c.obj
                                        0x287 (size before relaxing)
 .debug_str     0x000000000000102a      0x167 CMakeFiles/QEA.elf.dir/Core/Src/stm32f1xx_it.c.obj
                                        0x9d5 (size before relaxing)
 .debug_str     0x0000000000001191       0xb3 CMakeFiles/QEA.elf.dir/Core/Src/system_stm32f1xx.c.obj
                                        0x2bc (size before relaxing)
 .debug_str     0x0000000000001244      0x709 CMakeFiles/QEA.elf.dir/Core/Src/tim.c.obj
                                        0xebe (size before relaxing)
 .debug_str     0x000000000000194d       0x86 CMakeFiles/QEA.elf.dir/Core/Src/usart.c.obj
                                        0xb2b (size before relaxing)
 .debug_str     0x00000000000019d3       0x6b CMakeFiles/QEA.elf.dir/Core/Startup/startup_stm32f103rctx.s.obj
                                         0xb5 (size before relaxing)
 .debug_str     0x0000000000001a3e      0x343 CMakeFiles/QEA.elf.dir/Drivers/STM32F1xx_HAL_Driver/Src/stm32f1xx_hal.c.obj
                                        0x970 (size before relaxing)
 .debug_str     0x0000000000001d81      0x3d3 CMakeFiles/QEA.elf.dir/Drivers/STM32F1xx_HAL_Driver/Src/stm32f1xx_hal_cortex.c.obj
                                        0xa1f (size before relaxing)
 .debug_str     0x0000000000002154      0x274 CMakeFiles/QEA.elf.dir/Drivers/STM32F1xx_HAL_Driver/Src/stm32f1xx_hal_dma.c.obj
                                        0x665 (size before relaxing)
 .debug_str     0x00000000000023c8      0x14a CMakeFiles/QEA.elf.dir/Drivers/STM32F1xx_HAL_Driver/Src/stm32f1xx_hal_gpio.c.obj
                                        0x468 (size before relaxing)
 .debug_str     0x0000000000002512      0x229 CMakeFiles/QEA.elf.dir/Drivers/STM32F1xx_HAL_Driver/Src/stm32f1xx_hal_rcc.c.obj
                                        0x693 (size before relaxing)
 .debug_str     0x000000000000273b      0xcc2 CMakeFiles/QEA.elf.dir/Drivers/STM32F1xx_HAL_Driver/Src/stm32f1xx_hal_tim.c.obj
                                       0x16a0 (size before relaxing)
 .debug_str     0x00000000000033fd      0x559 CMakeFiles/QEA.elf.dir/Drivers/STM32F1xx_HAL_Driver/Src/stm32f1xx_hal_tim_ex.c.obj
                                        0xea1 (size before relaxing)
 .debug_str     0x0000000000003956      0x5d4 CMakeFiles/QEA.elf.dir/Drivers/STM32F1xx_HAL_Driver/Src/stm32f1xx_hal_uart.c.obj
                                        0xcf6 (size before relaxing)

.comment        0x0000000000000000       0x49
 .comment       0x0000000000000000       0x49 CMakeFiles/QEA.elf.dir/Core/Src/gpio.c.obj
                                         0x4a (size before relaxing)
 .comment       0x0000000000000049       0x4a CMakeFiles/QEA.elf.dir/Core/Src/main.c.obj
 .comment       0x0000000000000049       0x4a CMakeFiles/QEA.elf.dir/Core/Src/stm32f1xx_hal_msp.c.obj
 .comment       0x0000000000000049       0x4a CMakeFiles/QEA.elf.dir/Core/Src/stm32f1xx_it.c.obj
 .comment       0x0000000000000049       0x4a CMakeFiles/QEA.elf.dir/Core/Src/system_stm32f1xx.c.obj
 .comment       0x0000000000000049       0x4a CMakeFiles/QEA.elf.dir/Core/Src/tim.c.obj
 .comment       0x0000000000000049       0x4a CMakeFiles/QEA.elf.dir/Core/Src/usart.c.obj
 .comment       0x0000000000000049       0x4a CMakeFiles/QEA.elf.dir/Drivers/STM32F1xx_HAL_Driver/Src/stm32f1xx_hal.c.obj
 .comment       0x0000000000000049       0x4a CMakeFiles/QEA.elf.dir/Drivers/STM32F1xx_HAL_Driver/Src/stm32f1xx_hal_cortex.c.obj
 .comment       0x0000000000000049       0x4a CMakeFiles/QEA.elf.dir/Drivers/STM32F1xx_HAL_Driver/Src/stm32f1xx_hal_dma.c.obj
 .comment       0x0000000000000049       0x4a CMakeFiles/QEA.elf.dir/Drivers/STM32F1xx_HAL_Driver/Src/stm32f1xx_hal_gpio.c.obj
 .comment       0x0000000000000049       0x4a CMakeFiles/QEA.elf.dir/Drivers/STM32F1xx_HAL_Driver/Src/stm32f1xx_hal_rcc.c.obj
 .comment       0x0000000000000049       0x4a CMakeFiles/QEA.elf.dir/Drivers/STM32F1xx_HAL_Driver/Src/stm32f1xx_hal_tim.c.obj
 .comment       0x0000000000000049       0x4a CMakeFiles/QEA.elf.dir/Drivers/STM32F1xx_HAL_Driver/Src/stm32f1xx_hal_tim_ex.c.obj
 .comment       0x0000000000000049       0x4a CMakeFiles/QEA.elf.dir/Drivers/STM32F1xx_HAL_Driver/Src/stm32f1xx_hal_uart.c.obj

.debug_frame    0x0000000000000000     0x24ec
 .debug_frame   0x0000000000000000       0x38 CMakeFiles/QEA.elf.dir/Core/Src/gpio.c.obj
 .debug_frame   0x0000000000000038      0x244 CMakeFiles/QEA.elf.dir/Core/Src/main.c.obj
 .debug_frame   0x000000000000027c       0x28 CMakeFiles/QEA.elf.dir/Core/Src/stm32f1xx_hal_msp.c.obj
 .debug_frame   0x00000000000002a4      0x108 CMakeFiles/QEA.elf.dir/Core/Src/stm32f1xx_it.c.obj
 .debug_frame   0x00000000000003ac       0x30 CMakeFiles/QEA.elf.dir/Core/Src/system_stm32f1xx.c.obj
 .debug_frame   0x00000000000003dc      0x120 CMakeFiles/QEA.elf.dir/Core/Src/tim.c.obj
 .debug_frame   0x00000000000004fc       0x94 CMakeFiles/QEA.elf.dir/Core/Src/usart.c.obj
 .debug_frame   0x0000000000000590      0x1cc CMakeFiles/QEA.elf.dir/Drivers/STM32F1xx_HAL_Driver/Src/stm32f1xx_hal.c.obj
 .debug_frame   0x000000000000075c      0x118 CMakeFiles/QEA.elf.dir/Drivers/STM32F1xx_HAL_Driver/Src/stm32f1xx_hal_cortex.c.obj
 .debug_frame   0x0000000000000874      0x140 CMakeFiles/QEA.elf.dir/Drivers/STM32F1xx_HAL_Driver/Src/stm32f1xx_hal_dma.c.obj
 .debug_frame   0x00000000000009b4       0xe4 CMakeFiles/QEA.elf.dir/Drivers/STM32F1xx_HAL_Driver/Src/stm32f1xx_hal_gpio.c.obj
 .debug_frame   0x0000000000000a98      0x190 CMakeFiles/QEA.elf.dir/Drivers/STM32F1xx_HAL_Driver/Src/stm32f1xx_hal_rcc.c.obj
 .debug_frame   0x0000000000000c28      0xb04 CMakeFiles/QEA.elf.dir/Drivers/STM32F1xx_HAL_Driver/Src/stm32f1xx_hal_tim.c.obj
 .debug_frame   0x000000000000172c      0x40c CMakeFiles/QEA.elf.dir/Drivers/STM32F1xx_HAL_Driver/Src/stm32f1xx_hal_tim_ex.c.obj
 .debug_frame   0x0000000000001b38      0x5c4 CMakeFiles/QEA.elf.dir/Drivers/STM32F1xx_HAL_Driver/Src/stm32f1xx_hal_uart.c.obj
 .debug_frame   0x00000000000020fc       0xac /Applications/ARM/bin/../lib/gcc/arm-none-eabi/10.3.1/thumb/v7-m/nofp/libgcc.a(_arm_addsubdf3.o)
 .debug_frame   0x00000000000021a8       0x50 /Applications/ARM/bin/../lib/gcc/arm-none-eabi/10.3.1/thumb/v7-m/nofp/libgcc.a(_arm_muldivdf3.o)
 .debug_frame   0x00000000000021f8       0xc4 /Applications/ARM/bin/../lib/gcc/arm-none-eabi/10.3.1/thumb/v7-m/nofp/libgcc.a(_arm_cmpdf2.o)
 .debug_frame   0x00000000000022bc       0x24 /Applications/ARM/bin/../lib/gcc/arm-none-eabi/10.3.1/thumb/v7-m/nofp/libgcc.a(_arm_fixunsdfsi.o)
 .debug_frame   0x00000000000022e0       0x20 /Applications/ARM/bin/../lib/gcc/arm-none-eabi/10.3.1/../../../../arm-none-eabi/lib/thumb/v7-m/nofp/libg.a(lib_a-errno.o)
 .debug_frame   0x0000000000002300       0x2c /Applications/ARM/bin/../lib/gcc/arm-none-eabi/10.3.1/../../../../arm-none-eabi/lib/thumb/v7-m/nofp/libg.a(lib_a-init.o)
 .debug_frame   0x000000000000232c       0x2c /Applications/ARM/bin/../lib/gcc/arm-none-eabi/10.3.1/../../../../arm-none-eabi/lib/thumb/v7-m/nofp/libg.a(lib_a-memset.o)
 .debug_frame   0x0000000000002358       0x5c /Applications/ARM/bin/../lib/gcc/arm-none-eabi/10.3.1/../../../../arm-none-eabi/lib/thumb/v7-m/nofp/libg.a(lib_a-__call_atexit.o)
 .debug_frame   0x00000000000023b4       0x20 /Applications/ARM/bin/../lib/gcc/arm-none-eabi/10.3.1/../../../../arm-none-eabi/lib/thumb/v7-m/nofp/libg.a(lib_a-atexit.o)
 .debug_frame   0x00000000000023d4       0x34 /Applications/ARM/bin/../lib/gcc/arm-none-eabi/10.3.1/../../../../arm-none-eabi/lib/thumb/v7-m/nofp/libg.a(lib_a-fini.o)
 .debug_frame   0x0000000000002408       0xb0 /Applications/ARM/bin/../lib/gcc/arm-none-eabi/10.3.1/../../../../arm-none-eabi/lib/thumb/v7-m/nofp/libg.a(lib_a-lock.o)
 .debug_frame   0x00000000000024b8       0x34 /Applications/ARM/bin/../lib/gcc/arm-none-eabi/10.3.1/../../../../arm-none-eabi/lib/thumb/v7-m/nofp/libg.a(lib_a-__atexit.o)

.debug_loc      0x0000000000000000     0xa852
 .debug_loc     0x0000000000000000      0x744 CMakeFiles/QEA.elf.dir/Core/Src/main.c.obj
 .debug_loc     0x0000000000000744       0x15 CMakeFiles/QEA.elf.dir/Core/Src/stm32f1xx_hal_msp.c.obj
 .debug_loc     0x0000000000000759       0xff CMakeFiles/QEA.elf.dir/Core/Src/system_stm32f1xx.c.obj
 .debug_loc     0x0000000000000858      0x184 CMakeFiles/QEA.elf.dir/Core/Src/tim.c.obj
 .debug_loc     0x00000000000009dc       0xf8 CMakeFiles/QEA.elf.dir/Core/Src/usart.c.obj
 .debug_loc     0x0000000000000ad4      0x141 CMakeFiles/QEA.elf.dir/Drivers/STM32F1xx_HAL_Driver/Src/stm32f1xx_hal.c.obj
 .debug_loc     0x0000000000000c15      0x71f CMakeFiles/QEA.elf.dir/Drivers/STM32F1xx_HAL_Driver/Src/stm32f1xx_hal_cortex.c.obj
 .debug_loc     0x0000000000001334      0x7ce CMakeFiles/QEA.elf.dir/Drivers/STM32F1xx_HAL_Driver/Src/stm32f1xx_hal_dma.c.obj
 .debug_loc     0x0000000000001b02      0x47d CMakeFiles/QEA.elf.dir/Drivers/STM32F1xx_HAL_Driver/Src/stm32f1xx_hal_gpio.c.obj
 .debug_loc     0x0000000000001f7f      0x63e CMakeFiles/QEA.elf.dir/Drivers/STM32F1xx_HAL_Driver/Src/stm32f1xx_hal_rcc.c.obj
 .debug_loc     0x00000000000025bd     0x474c CMakeFiles/QEA.elf.dir/Drivers/STM32F1xx_HAL_Driver/Src/stm32f1xx_hal_tim.c.obj
 .debug_loc     0x0000000000006d09     0x1b12 CMakeFiles/QEA.elf.dir/Drivers/STM32F1xx_HAL_Driver/Src/stm32f1xx_hal_tim_ex.c.obj
 .debug_loc     0x000000000000881b     0x2037 CMakeFiles/QEA.elf.dir/Drivers/STM32F1xx_HAL_Driver/Src/stm32f1xx_hal_uart.c.obj
